<html>
<body>
<pre>
<h1>礦ision Build Log</h1>
<h2>Tool Versions:</h2>
IDE-Version: μVision V5.40.0.0
Copyright (C) 2024 ARM Ltd and ARM Germany GmbH. All rights reserved.
License Information: 玥婷 黄, 西安电子科技大学, LIC=BUURY-IV20U-HLCCL-0JYW8-2ZWPJ-VAW65
 
Tool Versions:
Toolchain:       MDK-ARM Plus  Version: 5.40.0.3
Toolchain Path:  D:\Download\ARM\ARMCC\Bin
C Compiler:      Armcc.exe V5.06 update 7 (build 960)
Assembler:       Armasm.exe V5.06 update 7 (build 960)
Linker/Locator:  ArmLink.exe V5.06 update 7 (build 960)
Library Manager: ArmAr.exe V5.06 update 7 (build 960)
Hex Converter:   FromElf.exe V5.06 update 7 (build 960)
CPU DLL:         SARMCM3.DLL V5.40.0.3
Dialog DLL:      DCM.DLL V1.17.5.0
Target DLL:      STLink\ST-LINKIII-KEIL_SWO.dll V3.3.0.0
Dialog DLL:      TCM.DLL V1.56.4.0
 
<h2>Project:</h2>
D:\qiansai\intelligent_medicine_box\MDK-ARM\intelligent_medicine_box.uvprojx
Project File Date:  06/05/2026

<h2>Output:</h2>
*** Using Compiler 'V5.06 update 7 (build 960)', folder: 'D:\Download\ARM\ARMCC\Bin'
Rebuild target 'intelligent_medicine_box'
assembling startup_stm32f407xx.s...
compiling i2c.c...
compiling servo.c...
compiling main.c...
compiling tim.c...
compiling esp8266_uart.c...
compiling usart.c...
compiling gpio.c...
compiling stm32f4xx_hal_msp.c...
compiling medicine_box.c...
compiling key.c...
compiling oled_status.c...
compiling stm32f4xx_it.c...
compiling jq8400_voice.c...
compiling JQ8400.c...
compiling stm32f4xx_hal_i2c_ex.c...
compiling stm32f4xx_hal_flash_ramfunc.c...
compiling stm32f4xx_hal_flash_ex.c...
compiling stm32f4xx_hal_rcc_ex.c...
compiling stm32f4xx_hal_flash.c...
compiling stm32f4xx_hal_rcc.c...
compiling stm32f4xx_hal_i2c.c...
compiling stm32f4xx_hal_pwr_ex.c...
compiling stm32f4xx_hal_cortex.c...
compiling stm32f4xx_hal_dma_ex.c...
compiling stm32f4xx_hal_gpio.c...
compiling stm32f4xx_hal_dma.c...
compiling stm32f4xx_hal.c...
compiling stm32f4xx_hal_pwr.c...
compiling OLED_Data.c...
compiling stm32f4xx_hal_exti.c...
compiling system_stm32f4xx.c...
compiling stm32f4xx_hal_tim_ex.c...
compiling OLED.c...
compiling stm32f4xx_hal_uart.c...
compiling stm32f4xx_hal_tim.c...
linking...
Program Size: Code=10646 RO-data=3466 RW-data=72 ZI-data=3040  
FromELF: creating hex file...
"intelligent_medicine_box\intelligent_medicine_box.axf" - 0 Error(s), 0 Warning(s).

<h2>Software Packages used:</h2>

Package Vendor: ARM
                https://www.keil.com/pack/ARM.CMSIS.6.1.0.pack
                ARM::CMSIS@6.1.0
                CMSIS (Common Microcontroller Software Interface Standard)
   * Component: CORE Version: 6.1.0

Package Vendor: Keil
                http://www.keil.com/pack/Keil.STM32F4xx_DFP.2.15.0.pack
                Keil::STM32F4xx_DFP@2.15.0
                STMicroelectronics STM32F4 Series Device Support, Drivers and Examples

<h2>Collection of Component include folders:</h2>
  ./RTE/_intelligent_medicine_box
  D:/Download/ARM/CMSIS/6.1.0/CMSIS/Core/Include
  D:/Download/Keil/STM32F4xx_DFP/2.15.0/Drivers/CMSIS/Device/ST/STM32F4xx/Include

<h2>Collection of Component Files used:</h2>

   * Component: ARM::CMSIS:CORE@6.1.0
      Include file:  CMSIS/Core/Include/tz_context.h
Build Time Elapsed:  00:00:32
</pre>
</body>
</html>
