Component: ARM Compiler 5.06 update 7 (build 960) Tool: armlink [4d3601]

==============================================================================

Section Cross References

    startup_stm32f407xx.o(STACK) refers (Special) to heapauxi.o(.text) for __use_two_region_memory
    startup_stm32f407xx.o(HEAP) refers (Special) to heapauxi.o(.text) for __use_two_region_memory
    startup_stm32f407xx.o(RESET) refers (Special) to heapauxi.o(.text) for __use_two_region_memory
    startup_stm32f407xx.o(RESET) refers to startup_stm32f407xx.o(STACK) for __initial_sp
    startup_stm32f407xx.o(RESET) refers to startup_stm32f407xx.o(.text) for Reset_Handler
    startup_stm32f407xx.o(RESET) refers to stm32f4xx_it.o(i.NMI_Handler) for NMI_Handler
    startup_stm32f407xx.o(RESET) refers to stm32f4xx_it.o(i.HardFault_Handler) for HardFault_Handler
    startup_stm32f407xx.o(RESET) refers to stm32f4xx_it.o(i.MemManage_Handler) for MemManage_Handler
    startup_stm32f407xx.o(RESET) refers to stm32f4xx_it.o(i.BusFault_Handler) for BusFault_Handler
    startup_stm32f407xx.o(RESET) refers to stm32f4xx_it.o(i.UsageFault_Handler) for UsageFault_Handler
    startup_stm32f407xx.o(RESET) refers to stm32f4xx_it.o(i.SVC_Handler) for SVC_Handler
    startup_stm32f407xx.o(RESET) refers to stm32f4xx_it.o(i.DebugMon_Handler) for DebugMon_Handler
    startup_stm32f407xx.o(RESET) refers to stm32f4xx_it.o(i.PendSV_Handler) for PendSV_Handler
    startup_stm32f407xx.o(RESET) refers to stm32f4xx_it.o(i.SysTick_Handler) for SysTick_Handler
    startup_stm32f407xx.o(RESET) refers to stm32f4xx_it.o(i.USART1_IRQHandler) for USART1_IRQHandler
    startup_stm32f407xx.o(.text) refers (Special) to heapauxi.o(.text) for __use_two_region_memory
    startup_stm32f407xx.o(.text) refers to system_stm32f4xx.o(i.SystemInit) for SystemInit
    startup_stm32f407xx.o(.text) refers to __main.o(!!!main) for __main
    startup_stm32f407xx.o(.text) refers to startup_stm32f407xx.o(HEAP) for Heap_Mem
    startup_stm32f407xx.o(.text) refers to startup_stm32f407xx.o(STACK) for Stack_Mem
    main.o(i.SystemClock_Config) refers to rt_memclr_w.o(.text) for __aeabi_memclr4
    main.o(i.SystemClock_Config) refers to stm32f4xx_hal_rcc.o(i.HAL_RCC_OscConfig) for HAL_RCC_OscConfig
    main.o(i.SystemClock_Config) refers to stm32f4xx_hal_rcc.o(i.HAL_RCC_ClockConfig) for HAL_RCC_ClockConfig
    main.o(i.main) refers to stm32f4xx_hal.o(i.HAL_Init) for HAL_Init
    main.o(i.main) refers to main.o(i.SystemClock_Config) for SystemClock_Config
    main.o(i.main) refers to gpio.o(i.MX_GPIO_Init) for MX_GPIO_Init
    main.o(i.main) refers to tim.o(i.MX_TIM2_Init) for MX_TIM2_Init
    main.o(i.main) refers to usart.o(i.MX_USART1_UART_Init) for MX_USART1_UART_Init
    main.o(i.main) refers to usart.o(i.MX_USART3_UART_Init) for MX_USART3_UART_Init
    main.o(i.main) refers to servo.o(i.Servo_Init) for Servo_Init
    main.o(i.main) refers to key.o(i.Key_Init) for Key_Init
    main.o(i.main) refers to jq8400_voice.o(i.JQ8400_Voice_Init) for JQ8400_Voice_Init
    main.o(i.main) refers to medicine_box.o(i.MedicineBox_Init) for MedicineBox_Init
    main.o(i.main) refers to esp8266_uart.o(i.ESP8266_UART_StartReceive) for ESP8266_UART_StartReceive
    main.o(i.main) refers to oled.o(i.OLED_Init) for OLED_Init
    main.o(i.main) refers to oled.o(i.OLED_ShowChinese) for OLED_ShowChinese
    main.o(i.main) refers to oled.o(i.OLED_Update) for OLED_Update
    main.o(i.main) refers to oled_status.o(i.OLED_Status_InitDefaults) for OLED_Status_InitDefaults
    main.o(i.main) refers to esp8266_uart.o(i.ESP8266_UART_IsStatusUpdated) for ESP8266_UART_IsStatusUpdated
    main.o(i.main) refers to oled_status.o(i.OLED_Status_Refresh) for OLED_Status_Refresh
    main.o(i.main) refers to esp8266_uart.o(i.ESP8266_UART_ClearStatusUpdated) for ESP8266_UART_ClearStatusUpdated
    main.o(i.main) refers to medicine_box.o(i.MedicineBox_Process) for MedicineBox_Process
    main.o(i.main) refers to main.o(.constdata) for .constdata
    gpio.o(i.MX_GPIO_Init) refers to rt_memclr_w.o(.text) for __aeabi_memclr4
    gpio.o(i.MX_GPIO_Init) refers to stm32f4xx_hal_gpio.o(i.HAL_GPIO_WritePin) for HAL_GPIO_WritePin
    gpio.o(i.MX_GPIO_Init) refers to stm32f4xx_hal_gpio.o(i.HAL_GPIO_Init) for HAL_GPIO_Init
    i2c.o(i.HAL_I2C_MspDeInit) refers to stm32f4xx_hal_gpio.o(i.HAL_GPIO_DeInit) for HAL_GPIO_DeInit
    i2c.o(i.HAL_I2C_MspInit) refers to rt_memclr_w.o(.text) for __aeabi_memclr4
    i2c.o(i.HAL_I2C_MspInit) refers to stm32f4xx_hal_gpio.o(i.HAL_GPIO_Init) for HAL_GPIO_Init
    i2c.o(i.MX_I2C1_Init) refers to stm32f4xx_hal_i2c.o(i.HAL_I2C_Init) for HAL_I2C_Init
    i2c.o(i.MX_I2C1_Init) refers to main.o(i.Error_Handler) for Error_Handler
    i2c.o(i.MX_I2C1_Init) refers to i2c.o(.bss) for .bss
    tim.o(i.HAL_TIM_MspPostInit) refers to rt_memclr_w.o(.text) for __aeabi_memclr4
    tim.o(i.HAL_TIM_MspPostInit) refers to stm32f4xx_hal_gpio.o(i.HAL_GPIO_Init) for HAL_GPIO_Init
[...]
    ../fplib/dretinf.s                       0x00000000   Number         0  dretinf.o ABSOLUTE
    ../fplib/drleqf.s                        0x00000000   Number         0  drleqf.o ABSOLUTE
    ../fplib/drnd.s                          0x00000000   Number         0  drnd.o ABSOLUTE
    ../fplib/fpinit.s                        0x00000000   Number         0  fpinit.o ABSOLUTE
    ../fplib/fretinf.s                       0x00000000   Number         0  fretinf.o ABSOLUTE
    ../fplib/istatus.s                       0x00000000   Number         0  istatus.o ABSOLUTE
    ../fplib/printf1.s                       0x00000000   Number         0  printf1.o ABSOLUTE
    ../fplib/printf2.s                       0x00000000   Number         0  printf2.o ABSOLUTE
    ../fplib/printf2a.s                      0x00000000   Number         0  printf2a.o ABSOLUTE
    ../fplib/printf2b.s                      0x00000000   Number         0  printf2b.o ABSOLUTE
    ../fplib/usenofp.s                       0x00000000   Number         0  usenofp.o ABSOLUTE
    ../mathlib/atan.c                        0x00000000   Number         0  atan_x.o ABSOLUTE
    ../mathlib/atan.c                        0x00000000   Number         0  atan.o ABSOLUTE
    ../mathlib/atan2.c                       0x00000000   Number         0  atan2_x.o ABSOLUTE
    ../mathlib/atan2.c                       0x00000000   Number         0  atan2.o ABSOLUTE
    ../mathlib/dunder.c                      0x00000000   Number         0  dunder.o ABSOLUTE
    ../mathlib/fabs.c                        0x00000000   Number         0  fabs.o ABSOLUTE
    ../mathlib/fpclassify.c                  0x00000000   Number         0  fpclassify.o ABSOLUTE
    ../mathlib/poly.c                        0x00000000   Number         0  poly.o ABSOLUTE
    ../mathlib/qnan.c                        0x00000000   Number         0  qnan.o ABSOLUTE
    ../mathlib/round.c                       0x00000000   Number         0  round.o ABSOLUTE
    ..\Core\Src\JQ8400.c                     0x00000000   Number         0  jq8400.o ABSOLUTE
    ..\Core\Src\esp8266_uart.c               0x00000000   Number         0  esp8266_uart.o ABSOLUTE
    ..\Core\Src\gpio.c                       0x00000000   Number         0  gpio.o ABSOLUTE
    ..\Core\Src\i2c.c                        0x00000000   Number         0  i2c.o ABSOLUTE
    ..\Core\Src\jq8400_voice.c               0x00000000   Number         0  jq8400_voice.o ABSOLUTE
    ..\Core\Src\key.c                        0x00000000   Number         0  key.o ABSOLUTE
    ..\Core\Src\main.c                       0x00000000   Number         0  main.o ABSOLUTE
    ..\Core\Src\medicine_box.c               0x00000000   Number         0  medicine_box.o ABSOLUTE
    ..\Core\Src\oled_status.c                0x00000000   Number         0  oled_status.o ABSOLUTE
    ..\Core\Src\servo.c                      0x00000000   Number         0  servo.o ABSOLUTE
    ..\Core\Src\stm32f4xx_hal_msp.c          0x00000000   Number         0  stm32f4xx_hal_msp.o ABSOLUTE
    ..\Core\Src\stm32f4xx_it.c               0x00000000   Number         0  stm32f4xx_it.o ABSOLUTE
    ..\Core\Src\system_stm32f4xx.c           0x00000000   Number         0  system_stm32f4xx.o ABSOLUTE
    ..\Core\Src\tim.c                        0x00000000   Number         0  tim.o ABSOLUTE
    ..\Core\Src\usart.c                      0x00000000   Number         0  usart.o ABSOLUTE
    ..\Drivers\STM32F4xx_HAL_Driver\Src\stm32f4xx_hal.c 0x00000000   Number         0  stm32f4xx_hal.o ABSOLUTE
    ..\Drivers\STM32F4xx_HAL_Driver\Src\stm32f4xx_hal_cortex.c 0x00000000   Number         0  stm32f4xx_hal_cortex.o ABSOLUTE
    ..\Drivers\STM32F4xx_HAL_Driver\Src\stm32f4xx_hal_dma.c 0x00000000   Number         0  stm32f4xx_hal_dma.o ABSOLUTE
    ..\Drivers\STM32F4xx_HAL_Driver\Src\stm32f4xx_hal_dma_ex.c 0x00000000   Number         0  stm32f4xx_hal_dma_ex.o ABSOLUTE
    ..\Drivers\STM32F4xx_HAL_Driver\Src\stm32f4xx_hal_exti.c 0x00000000   Number         0  stm32f4xx_hal_exti.o ABSOLUTE
    ..\Drivers\STM32F4xx_HAL_Driver\Src\stm32f4xx_hal_flash.c 0x00000000   Number         0  stm32f4xx_hal_flash.o ABSOLUTE
    ..\Drivers\STM32F4xx_HAL_Driver\Src\stm32f4xx_hal_flash_ex.c 0x00000000   Number         0  stm32f4xx_hal_flash_ex.o ABSOLUTE
    ..\Drivers\STM32F4xx_HAL_Driver\Src\stm32f4xx_hal_flash_ramfunc.c 0x00000000   Number         0  stm32f4xx_hal_flash_ramfunc.o ABSOLUTE
    ..\Drivers\STM32F4xx_HAL_Driver\Src\stm32f4xx_hal_gpio.c 0x00000000   Number         0  stm32f4xx_hal_gpio.o ABSOLUTE
    ..\Drivers\STM32F4xx_HAL_Driver\Src\stm32f4xx_hal_i2c.c 0x00000000   Number         0  stm32f4xx_hal_i2c.o ABSOLUTE
    ..\Drivers\STM32F4xx_HAL_Driver\Src\stm32f4xx_hal_i2c_ex.c 0x00000000   Number         0  stm32f4xx_hal_i2c_ex.o ABSOLUTE
    ..\Drivers\STM32F4xx_HAL_Driver\Src\stm32f4xx_hal_pwr.c 0x00000000   Number         0  stm32f4xx_hal_pwr.o ABSOLUTE
    ..\Drivers\STM32F4xx_HAL_Driver\Src\stm32f4xx_hal_pwr_ex.c 0x00000000   Number         0  stm32f4xx_hal_pwr_ex.o ABSOLUTE
    ..\Drivers\STM32F4xx_HAL_Driver\Src\stm32f4xx_hal_rcc.c 0x00000000   Number         0  stm32f4xx_hal_rcc.o ABSOLUTE
    ..\Drivers\STM32F4xx_HAL_Driver\Src\stm32f4xx_hal_rcc_ex.c 0x00000000   Number         0  stm32f4xx_hal_rcc_ex.o ABSOLUTE
    ..\Drivers\STM32F4xx_HAL_Driver\Src\stm32f4xx_hal_tim.c 0x00000000   Number         0  stm32f4xx_hal_tim.o ABSOLUTE
    ..\Drivers\STM32F4xx_HAL_Driver\Src\stm32f4xx_hal_tim_ex.c 0x00000000   Number         0  stm32f4xx_hal_tim_ex.o ABSOLUTE
    ..\Drivers\STM32F4xx_HAL_Driver\Src\stm32f4xx_hal_uart.c 0x00000000   Number         0  stm32f4xx_hal_uart.o ABSOLUTE
    ..\OLED\OLED.c                           0x00000000   Number         0  oled.o ABSOLUTE
    ..\OLED\OLED_Data.c                      0x00000000   Number         0  oled_data.o ABSOLUTE
    ..\\OLED\\OLED.c                         0x00000000   Number         0  oled.o ABSOLUTE
    dc.s                                     0x00000000   Number         0  dc.o ABSOLUTE
    startup_stm32f407xx.s                    0x00000000   Number         0  startup_stm32f407xx.o ABSOLUTE
    RESET                                    0x08000000   Section      392  startup_stm32f407xx.o(RESET)
    !!!main                                  0x08000188   Section        8  __main.o(!!!main)
    !!!scatter                               0x08000190   Section       52  __scatter.o(!!!scatter)
    !!handler_copy                           0x080001c4   Section       26  __scatter_copy.o(!!handler_copy)
    !!handler_zi                             0x080001e0   Section       28  __scatter_zi.o(!!handler_zi)
    .ARM.Collect$$libinit$$00000000          0x080001fc   Section        2  libinit.o(.ARM.Collect$$libinit$$00000000)
    .ARM.Collect$$libinit$$00000001          0x080001fe   Section        4  libinit2.o(.ARM.Collect$$libinit$$00000001)
    .ARM.Collect$$libinit$$00000004          0x08000202   Section        0  libinit2.o(.ARM.Collect$$libinit$$00000004)
    .ARM.Collect$$libinit$$0000000A          0x08000202   Section        0  libinit2.o(.ARM.Collect$$libinit$$0000000A)
    .ARM.Collect$$libinit$$0000000C          0x08000202   Section        0  libinit2.o(.ARM.Collect$$libinit$$0000000C)
    .ARM.Collect$$libinit$$0000000E          0x08000202   Section        0  libinit2.o(.ARM.Collect$$libinit$$0000000E)
    .ARM.Collect$$libinit$$00000011          0x08000202   Section        0  libinit2.o(.ARM.Collect$$libinit$$00000011)
    .ARM.Collect$$libinit$$00000013          0x08000202   Section        0  libinit2.o(.ARM.Collect$$libinit$$00000013)
    .ARM.Collect$$libinit$$00000015          0x08000202   Section        0  libinit2.o(.ARM.Collect$$libinit$$00000015)
    .ARM.Collect$$libinit$$00000017          0x08000202   Section        0  libinit2.o(.ARM.Collect$$libinit$$00000017)
    .ARM.Collect$$libinit$$00000019          0x08000202   Section        0  libinit2.o(.ARM.Collect$$libinit$$00000019)
    .ARM.Collect$$libinit$$0000001B          0x08000202   Section        0  libinit2.o(.ARM.Collect$$libinit$$0000001B)
    .ARM.Collect$$libinit$$0000001D          0x08000202   Section        0  libinit2.o(.ARM.Collect$$libinit$$0000001D)
    .ARM.Collect$$libinit$$0000001F          0x08000202   Section        0  libinit2.o(.ARM.Collect$$libinit$$0000001F)
    .ARM.Collect$$libinit$$00000021          0x08000202   Section        0  libinit2.o(.ARM.Collect$$libinit$$00000021)
    .ARM.Collect$$libinit$$00000023          0x08000202   Section        0  libinit2.o(.ARM.Collect$$libinit$$00000023)
    .ARM.Collect$$libinit$$00000025          0x08000202   Section        0  libinit2.o(.ARM.Collect$$libinit$$00000025)
    .ARM.Collect$$libinit$$0000002C          0x08000202   Section        0  libinit2.o(.ARM.Collect$$libinit$$0000002C)
    .ARM.Collect$$libinit$$0000002E          0x08000202   Section        0  libinit2.o(.ARM.Collect$$libinit$$0000002E)
    .ARM.Collect$$libinit$$00000030          0x08000202   Section        0  libinit2.o(.ARM.Collect$$libinit$$00000030)
    .ARM.Collect$$libinit$$00000032          0x08000202   Section        0  libinit2.o(.ARM.Collect$$libinit$$00000032)
    .ARM.Collect$$libinit$$00000033          0x08000202   Section        2  libinit2.o(.ARM.Collect$$libinit$$00000033)
    .ARM.Collect$$libshutdown$$00000000      0x08000204   Section        2  libshutdown.o(.ARM.Collect$$libshutdown$$00000000)
    .ARM.Collect$$libshutdown$$00000002      0x08000206   Section        0  libshutdown2.o(.ARM.Collect$$libshutdown$$00000002)
    .ARM.Collect$$libshutdown$$00000004      0x08000206   Section        0  libshutdown2.o(.ARM.Collect$$libshutdown$$00000004)
    .ARM.Collect$$libshutdown$$00000006      0x08000206   Section        0  libshutdown2.o(.ARM.Collect$$libshutdown$$00000006)
    .ARM.Collect$$libshutdown$$00000009      0x08000206   Section        0  libshutdown2.o(.ARM.Collect$$libshutdown$$00000009)
    .ARM.Collect$$libshutdown$$0000000C      0x08000206   Section        0  libshutdown2.o(.ARM.Collect$$libshutdown$$0000000C)
    .ARM.Collect$$libshutdown$$0000000E      0x08000206   Section        0  libshutdown2.o(.ARM.Collect$$libshutdown$$0000000E)
    .ARM.Collect$$libshutdown$$00000011      0x08000206   Section        0  libshutdown2.o(.ARM.Collect$$libshutdown$$00000011)
    .ARM.Collect$$libshutdown$$00000012      0x08000206   Section        2  libshutdown2.o(.ARM.Collect$$libshutdown$$00000012)
    .ARM.Collect$$rtentry$$00000000          0x08000208   Section        0  __rtentry.o(.ARM.Collect$$rtentry$$00000000)
    .ARM.Collect$$rtentry$$00000002          0x08000208   Section        0  __rtentry2.o(.ARM.Collect$$rtentry$$00000002)
    .ARM.Collect$$rtentry$$00000004          0x08000208   Section        6  __rtentry4.o(.ARM.Collect$$rtentry$$00000004)
    .ARM.Collect$$rtentry$$00000009          0x0800020e   Section        0  __rtentry2.o(.ARM.Collect$$rtentry$$00000009)
    .ARM.Collect$$rtentry$$0000000A          0x0800020e   Section        4  __rtentry2.o(.ARM.Collect$$rtentry$$0000000A)
    .ARM.Collect$$rtentry$$0000000C          0x08000212   Section        0  __rtentry2.o(.ARM.Collect$$rtentry$$0000000C)
    .ARM.Collect$$rtentry$$0000000D          0x08000212   Section        8  __rtentry2.o(.ARM.Collect$$rtentry$$0000000D)
    .ARM.Collect$$rtexit$$00000000           0x0800021a   Section        2  rtexit.o(.ARM.Collect$$rtexit$$00000000)
    .ARM.Collect$$rtexit$$00000002           0x0800021c   Section        0  rtexit2.o(.ARM.Collect$$rtexit$$00000002)
    .ARM.Collect$$rtexit$$00000003           0x0800021c   Section        4  rtexit2.o(.ARM.Collect$$rtexit$$00000003)
    .ARM.Collect$$rtexit$$00000004           0x08000220   Section        6  rtexit2.o(.ARM.Collect$$rtexit$$00000004)
    .text                                    0x08000228   Section       64  startup_stm32f407xx.o(.text)
    $v0                                      0x08000228   Number         0  startup_stm32f407xx.o(.text)
    .text                                    0x08000268   Section      238  lludivv7m.o(.text)
    .text                                    0x08000356   Section        0  strlen.o(.text)
    .text                                    0x08000394   Section      100  rt_memcpy_w.o(.text)
    .text                                    0x080003f8   Section       78  rt_memclr_w.o(.text)
    .text                                    0x08000448   Section      128  strcmpv7m.o(.text)
    .text                                    0x080004c8   Section        0  heapauxi.o(.text)
    .text                                    0x080004d0   Section        8  libspace.o(.text)
    .text                                    0x080004d8   Section       74  sys_stackheap_outer.o(.text)
    .text                                    0x08000522   Section        0  exit.o(.text)
    .text                                    0x08000534   Section        0  sys_exit.o(.text)
    .text                                    0x08000540   Section        2  use_no_semi.o(.text)
    .text                                    0x08000542   Section        0  indicate_semi.o(.text)
    i.BusFault_Handler                       0x08000542   Section        0  stm32f4xx_it.o(i.BusFault_Handler)
    i.DebugMon_Handler                       0x08000544   Section        0  stm32f4xx_it.o(i.DebugMon_Handler)
    i.ESP8266_UART_ClearAlarmEvent           0x08000548   Section        0  esp8266_uart.o(i.ESP8266_UART_ClearAlarmEvent)
    i.ESP8266_UART_ClearStatusUpdated        0x08000554   Section        0  esp8266_uart.o(i.ESP8266_UART_ClearStatusUpdated)
    i.ESP8266_UART_GetAlarmSlot              0x08000560   Section        0  esp8266_uart.o(i.ESP8266_UART_GetAlarmSlot)
    i.ESP8266_UART_GetIP                     0x0800056c   Section        0  esp8266_uart.o(i.ESP8266_UART_GetIP)
    i.ESP8266_UART_GetTimeHHMM               0x080005ac   Section        0  esp8266_uart.o(i.ESP8266_UART_GetTimeHHMM)
    i.ESP8266_UART_IsAlarmEventPending       0x080005c4   Section        0  esp8266_uart.o(i.ESP8266_UART_IsAlarmEventPending)
    i.ESP8266_UART_IsStatusUpdated           0x080005d0   Section        0  esp8266_uart.o(i.ESP8266_UART_IsStatusUpdated)
    i.ESP8266_UART_ParseLine                 0x080005dc   Section        0  esp8266_uart.o(i.ESP8266_UART_ParseLine)
    ESP8266_UART_ParseLine                   0x080005dd   Thumb Code   198  esp8266_uart.o(i.ESP8266_UART_ParseLine)
    i.ESP8266_UART_ParseTime                 0x080006bc   Section        0  esp8266_uart.o(i.ESP8266_UART_ParseTime)
    ESP8266_UART_ParseTime                   0x080006bd   Thumb Code    88  esp8266_uart.o(i.ESP8266_UART_ParseTime)
    i.ESP8266_UART_ResetLineBuffer           0x08000720   Section        0  esp8266_uart.o(i.ESP8266_UART_ResetLineBuffer)
    ESP8266_UART_ResetLineBuffer             0x08000721   Thumb Code    12  esp8266_uart.o(i.ESP8266_UART_ResetLineBuffer)
    i.ESP8266_UART_SendTakeMedReminder       0x08000734   Section        0  esp8266_uart.o(i.ESP8266_UART_SendTakeMedReminder)
    i.ESP8266_UART_StartReceive              0x080007b8   Section        0  esp8266_uart.o(i.ESP8266_UART_StartReceive)
    i.Error_Handler                          0x0800080c   Section        0  main.o(i.Error_Handler)
    i.HAL_DMA_Abort                          0x08000810   Section        0  stm32f4xx_hal_dma.o(i.HAL_DMA_Abort)
    i.HAL_DMA_Abort_IT                       0x080008a2   Section        0  stm32f4xx_hal_dma.o(i.HAL_DMA_Abort_IT)
    i.HAL_Delay                              0x080008c8   Section        0  stm32f4xx_hal.o(i.HAL_Delay)
    i.HAL_GPIO_Init                          0x080008ec   Section        0  stm32f4xx_hal_gpio.o(i.HAL_GPIO_Init)
    i.HAL_GPIO_ReadPin                       0x08000adc   Section        0  stm32f4xx_hal_gpio.o(i.HAL_GPIO_ReadPin)
    i.HAL_GPIO_WritePin                      0x08000ae6   Section        0  stm32f4xx_hal_gpio.o(i.HAL_GPIO_WritePin)
    i.HAL_GetTick                            0x08000af0   Section        0  stm32f4xx_hal.o(i.HAL_GetTick)
    i.HAL_IncTick                            0x08000afc   Section        0  stm32f4xx_hal.o(i.HAL_IncTick)
    i.HAL_Init                               0x08000b0c   Section        0  stm32f4xx_hal.o(i.HAL_Init)
    i.HAL_InitTick                           0x08000b40   Section        0  stm32f4xx_hal.o(i.HAL_InitTick)
    i.HAL_MspInit                            0x08000b80   Section        0  stm32f4xx_hal_msp.o(i.HAL_MspInit)
    i.HAL_NVIC_EnableIRQ                     0x08000bb0   Section        0  stm32f4xx_hal_cortex.o(i.HAL_NVIC_EnableIRQ)
    i.HAL_NVIC_SetPriority                   0x08000bcc   Section        0  stm32f4xx_hal_cortex.o(i.HAL_NVIC_SetPriority)
    i.HAL_NVIC_SetPriorityGrouping           0x08000c0c   Section        0  stm32f4xx_hal_cortex.o(i.HAL_NVIC_SetPriorityGrouping)
    i.HAL_RCC_ClockConfig                    0x08000c30   Section        0  stm32f4xx_hal_rcc.o(i.HAL_RCC_ClockConfig)
    i.HAL_RCC_GetPCLK1Freq                   0x08000d64   Section        0  stm32f4xx_hal_rcc.o(i.HAL_RCC_GetPCLK1Freq)
    i.HAL_RCC_GetPCLK2Freq                   0x08000d84   Section        0  stm32f4xx_hal_rcc.o(i.HAL_RCC_GetPCLK2Freq)
    i.HAL_RCC_GetSysClockFreq                0x08000da4   Section        0  stm32f4xx_hal_rcc.o(i.HAL_RCC_GetSysClockFreq)
    i.HAL_RCC_OscConfig                      0x08000e04   Section        0  stm32f4xx_hal_rcc.o(i.HAL_RCC_OscConfig)
    i.HAL_SYSTICK_Config                     0x08001170   Section        0  stm32f4xx_hal_cortex.o(i.HAL_SYSTICK_Config)
    i.HAL_TIMEx_MasterConfigSynchronization  0x08001198   Section        0  stm32f4xx_hal_tim_ex.o(i.HAL_TIMEx_MasterConfigSynchronization)
    i.HAL_TIM_MspPostInit                    0x08001228   Section        0  tim.o(i.HAL_TIM_MspPostInit)
    i.HAL_TIM_PWM_ConfigChannel              0x08001278   Section        0  stm32f4xx_hal_tim.o(i.HAL_TIM_PWM_ConfigChannel)
    i.HAL_TIM_PWM_Init                       0x08001344   Section        0  stm32f4xx_hal_tim.o(i.HAL_TIM_PWM_Init)
    i.HAL_TIM_PWM_MspInit                    0x080013a0   Section        0  tim.o(i.HAL_TIM_PWM_MspInit)
    i.HAL_TIM_PWM_Start                      0x080013c4   Section        0  stm32f4xx_hal_tim.o(i.HAL_TIM_PWM_Start)
    i.HAL_UARTEx_RxEventCallback             0x0800148c   Section        0  stm32f4xx_hal_uart.o(i.HAL_UARTEx_RxEventCallback)
    i.HAL_UART_ErrorCallback                 0x08001490   Section        0  esp8266_uart.o(i.HAL_UART_ErrorCallback)
    i.HAL_UART_IRQHandler                    0x080014c8   Section        0  stm32f4xx_hal_uart.o(i.HAL_UART_IRQHandler)
    i.HAL_UART_Init                          0x08001748   Section        0  stm32f4xx_hal_uart.o(i.HAL_UART_Init)
    i.HAL_UART_MspInit                       0x080017ac   Section        0  usart.o(i.HAL_UART_MspInit)
    i.HAL_UART_Receive_IT                    0x08001870   Section        0  stm32f4xx_hal_uart.o(i.HAL_UART_Receive_IT)
    i.HAL_UART_RxCpltCallback                0x0800188c   Section        0  esp8266_uart.o(i.HAL_UART_RxCpltCallback)
    i.HAL_UART_Transmit                      0x080018f0   Section        0  stm32f4xx_hal_uart.o(i.HAL_UART_Transmit)
    i.HAL_UART_TxCpltCallback                0x08001990   Section        0  stm32f4xx_hal_uart.o(i.HAL_UART_TxCpltCallback)
    i.HardFault_Handler                      0x08001992   Section        0  stm32f4xx_it.o(i.HardFault_Handler)
    i.JQ8400_PlayPath                        0x08001994   Section        0  jq8400_voice.o(i.JQ8400_PlayPath)
    JQ8400_PlayPath                          0x08001995   Thumb Code    20  jq8400_voice.o(i.JQ8400_PlayPath)
    i.JQ8400_Voice_Init                      0x080019a8   Section        0  jq8400_voice.o(i.JQ8400_Voice_Init)
    i.JQ8400_Voice_PlayAlarm                 0x080019c8   Section        0  jq8400_voice.o(i.JQ8400_Voice_PlayAlarm)
    i.JQ8400_Voice_PlayRemind                0x080019e4   Section        0  jq8400_voice.o(i.JQ8400_Voice_PlayRemind)
    i.JQ8400_Voice_PlayTaken                 0x08001a00   Section        0  jq8400_voice.o(i.JQ8400_Voice_PlayTaken)
    i.JQ8x00_Command_Data                    0x08001a1c   Section        0  jq8400.o(i.JQ8x00_Command_Data)
    i.JQ8x00_Init                            0x08001a90   Section        0  jq8400.o(i.JQ8x00_Init)
    i.JQ8x00_RandomPathPlay                  0x08001a94   Section        0  jq8400.o(i.JQ8x00_RandomPathPlay)
    i.Key_Init                               0x08001b1c   Section        0  key.o(i.Key_Init)
    i.Key_IsPressed                          0x08001b84   Section        0  key.o(i.Key_IsPressed)
    i.Key_ReadRaw                            0x08001bc8   Section        0  key.o(i.Key_ReadRaw)
    Key_ReadRaw                              0x08001bc9   Thumb Code    32  key.o(i.Key_ReadRaw)
    i.MX_GPIO_Init                           0x08001bec   Section        0  gpio.o(i.MX_GPIO_Init)
    i.MX_TIM2_Init                           0x08001c68   Section        0  tim.o(i.MX_TIM2_Init)
    i.MX_USART1_UART_Init                    0x08001cfc   Section        0  usart.o(i.MX_USART1_UART_Init)
    i.MX_USART3_UART_Init                    0x08001d34   Section        0  usart.o(i.MX_USART3_UART_Init)
    i.MedicineBox_Init                       0x08001d6c   Section        0  medicine_box.o(i.MedicineBox_Init)
    i.MedicineBox_Process                    0x08001d80   Section        0  medicine_box.o(i.MedicineBox_Process)
    i.MedicineBox_ShowMessage                0x08001e18   Section        0  medicine_box.o(i.MedicineBox_ShowMessage)
    MedicineBox_ShowMessage                  0x08001e19   Thumb Code    66  medicine_box.o(i.MedicineBox_ShowMessage)
    i.MemManage_Handler                      0x08001e60   Section        0  stm32f4xx_it.o(i.MemManage_Handler)
    i.NMI_Handler                            0x08001e62   Section        0  stm32f4xx_it.o(i.NMI_Handler)
    i.OLED_Clear                             0x08001e64   Section        0  oled.o(i.OLED_Clear)
    i.OLED_ClearArea                         0x08001e8c   Section        0  oled.o(i.OLED_ClearArea)
    i.OLED_GPIO_Init                         0x08001ee8   Section        0  oled.o(i.OLED_GPIO_Init)
    i.OLED_I2C_Delay                         0x08001f58   Section        0  oled.o(i.OLED_I2C_Delay)
    OLED_I2C_Delay                           0x08001f59   Thumb Code    18  oled.o(i.OLED_I2C_Delay)
    i.OLED_I2C_SendByte                      0x08001f6a   Section        0  oled.o(i.OLED_I2C_SendByte)
    i.OLED_I2C_Start                         0x08001fa4   Section        0  oled.o(i.OLED_I2C_Start)
    i.OLED_I2C_Stop                          0x08001fc2   Section        0  oled.o(i.OLED_I2C_Stop)
    i.OLED_Init                              0x08001fda   Section        0  oled.o(i.OLED_Init)
    i.OLED_SetCursor                         0x08002076   Section        0  oled.o(i.OLED_SetCursor)
    i.OLED_ShowChar                          0x08002098   Section        0  oled.o(i.OLED_ShowChar)
    i.OLED_ShowChinese                       0x080020d4   Section        0  oled.o(i.OLED_ShowChinese)
    i.OLED_ShowImage                         0x0800215c   Section        0  oled.o(i.OLED_ShowImage)
    i.OLED_ShowString                        0x0800221c   Section        0  oled.o(i.OLED_ShowString)
    i.OLED_Status_InitDefaults               0x08002248   Section        0  oled_status.o(i.OLED_Status_InitDefaults)
    i.OLED_Status_Refresh                    0x0800224c   Section        0  oled_status.o(i.OLED_Status_Refresh)
    i.OLED_Update                            0x08002294   Section        0  oled.o(i.OLED_Update)
    i.OLED_UpdateArea                        0x080022bc   Section        0  oled.o(i.OLED_UpdateArea)
    i.OLED_W_SCL                             0x0800231c   Section        0  oled.o(i.OLED_W_SCL)
    i.OLED_W_SDA                             0x08002334   Section        0  oled.o(i.OLED_W_SDA)
    i.OLED_WriteCommand                      0x0800234c   Section        0  oled.o(i.OLED_WriteCommand)
    i.OLED_WriteData                         0x0800236e   Section        0  oled.o(i.OLED_WriteData)
    i.PendSV_Handler                         0x0800239e   Section        0  stm32f4xx_it.o(i.PendSV_Handler)
    i.SVC_Handler                            0x080023a0   Section        0  stm32f4xx_it.o(i.SVC_Handler)
    i.Servo_Init                             0x080023a4   Section        0  servo.o(i.Servo_Init)
    i.Servo_SetAngle                         0x080023f0   Section        0  servo.o(i.Servo_SetAngle)
    i.Str_Copy                               0x08002428   Section        0  esp8266_uart.o(i.Str_Copy)
    Str_Copy                                 0x08002429   Thumb Code    40  esp8266_uart.o(i.Str_Copy)
    i.Str_Find                               0x08002450   Section        0  esp8266_uart.o(i.Str_Find)
    Str_Find                                 0x08002451   Thumb Code    72  esp8266_uart.o(i.Str_Find)
    i.SysTick_Handler                        0x08002498   Section        0  stm32f4xx_it.o(i.SysTick_Handler)
    i.SystemClock_Config                     0x0800249c   Section        0  main.o(i.SystemClock_Config)
    i.SystemInit                             0x08002534   Section        0  system_stm32f4xx.o(i.SystemInit)
    i.TIM_Base_SetConfig                     0x08002544   Section        0  stm32f4xx_hal_tim.o(i.TIM_Base_SetConfig)
    i.TIM_CCxChannelCmd                      0x08002614   Section        0  stm32f4xx_hal_tim.o(i.TIM_CCxChannelCmd)
    i.TIM_OC1_SetConfig                      0x08002630   Section        0  stm32f4xx_hal_tim.o(i.TIM_OC1_SetConfig)
    TIM_OC1_SetConfig                        0x08002631   Thumb Code    88  stm32f4xx_hal_tim.o(i.TIM_OC1_SetConfig)
    i.TIM_OC2_SetConfig                      0x08002690   Section        0  stm32f4xx_hal_tim.o(i.TIM_OC2_SetConfig)
    i.TIM_OC3_SetConfig                      0x080026fc   Section        0  stm32f4xx_hal_tim.o(i.TIM_OC3_SetConfig)
    TIM_OC3_SetConfig                        0x080026fd   Thumb Code    96  stm32f4xx_hal_tim.o(i.TIM_OC3_SetConfig)
    i.TIM_OC4_SetConfig                      0x08002764   Section        0  stm32f4xx_hal_tim.o(i.TIM_OC4_SetConfig)
    TIM_OC4_SetConfig                        0x08002765   Thumb Code    70  stm32f4xx_hal_tim.o(i.TIM_OC4_SetConfig)
    i.UART_DMAAbortOnError                   0x080027b4   Section        0  stm32f4xx_hal_uart.o(i.UART_DMAAbortOnError)
    UART_DMAAbortOnError                     0x080027b5   Thumb Code    14  stm32f4xx_hal_uart.o(i.UART_DMAAbortOnError)
    i.UART_EndRxTransfer                     0x080027c2   Section        0  stm32f4xx_hal_uart.o(i.UART_EndRxTransfer)
    UART_EndRxTransfer                       0x080027c3   Thumb Code    78  stm32f4xx_hal_uart.o(i.UART_EndRxTransfer)
    i.UART_Receive_IT                        0x08002810   Section        0  stm32f4xx_hal_uart.o(i.UART_Receive_IT)
    UART_Receive_IT                          0x08002811   Thumb Code   194  stm32f4xx_hal_uart.o(i.UART_Receive_IT)
    i.UART_SetConfig                         0x080028d4   Section        0  stm32f4xx_hal_uart.o(i.UART_SetConfig)
    UART_SetConfig                           0x080028d5   Thumb Code   258  stm32f4xx_hal_uart.o(i.UART_SetConfig)
    i.UART_Start_Receive_IT                  0x080029e0   Section        0  stm32f4xx_hal_uart.o(i.UART_Start_Receive_IT)
    i.UART_WaitOnFlagUntilTimeout            0x08002a16   Section        0  stm32f4xx_hal_uart.o(i.UART_WaitOnFlagUntilTimeout)
    UART_WaitOnFlagUntilTimeout              0x08002a17   Thumb Code   114  stm32f4xx_hal_uart.o(i.UART_WaitOnFlagUntilTimeout)
    i.USART1_IRQHandler                      0x08002a88   Section        0  stm32f4xx_it.o(i.USART1_IRQHandler)
    i.UsageFault_Handler                     0x08002a94   Section        0  stm32f4xx_it.o(i.UsageFault_Handler)
    i.__NVIC_SetPriority                     0x08002a96   Section        0  stm32f4xx_hal_cortex.o(i.__NVIC_SetPriority)
    __NVIC_SetPriority                       0x08002a97   Thumb Code    32  stm32f4xx_hal_cortex.o(i.__NVIC_SetPriority)
    i.main                                   0x08002ab8   Section        0  main.o(i.main)
    x$fpl$fpinit                             0x08002b14   Section       10  fpinit.o(x$fpl$fpinit)
    $v0                                      0x08002b14   Number         0  fpinit.o(x$fpl$fpinit)
    .constdata                               0x08002b1e   Section       28  main.o(.constdata)
    oled_welcome                             0x08002b1e   Data          28  main.o(.constdata)
    .constdata                               0x08002b3a   Section       54  medicine_box.o(.constdata)
    s_msg_take                               0x08002b3a   Data          16  medicine_box.o(.constdata)
    s_msg_taken                              0x08002b4a   Data          16  medicine_box.o(.constdata)
    s_msg_remind                             0x08002b5a   Data          22  medicine_box.o(.constdata)
    .constdata                               0x08002b70   Section       18  jq8400.o(.constdata)
    .constdata                               0x08002b82   Section       16  system_stm32f4xx.o(.constdata)
    .constdata                               0x08002b92   Section        8  system_stm32f4xx.o(.constdata)
    .constdata                               0x08002b9a   Section     1520  oled_data.o(.constdata)
    .constdata                               0x0800318a   Section      570  oled_data.o(.constdata)
    .constdata                               0x080033c4   Section      828  oled_data.o(.constdata)
    .data                                    0x20000000   Section       12  esp8266_uart.o(.data)
    s_rx_byte                                0x20000000   Data           1  esp8266_uart.o(.data)
    s_alarm_pending                          0x20000001   Data           1  esp8266_uart.o(.data)
    s_alarm_slot                             0x20000002   Data           1  esp8266_uart.o(.data)
    s_status_updated                         0x20000003   Data           1  esp8266_uart.o(.data)
    s_rx_index                               0x20000004   Data           2  esp8266_uart.o(.data)
    s_time_hhmm                              0x20000006   Data           6  esp8266_uart.o(.data)
    .data                                    0x2000000c   Section       36  key.o(.data)
    s_keys                                   0x2000000c   Data          36  key.o(.data)
    .data                                    0x20000030   Section        8  medicine_box.o(.data)
    s_state                                  0x20000030   Data           1  medicine_box.o(.data)
    s_active_slot                            0x20000031   Data           1  medicine_box.o(.data)
    s_reminder_sent                          0x20000032   Data           1  medicine_box.o(.data)
    s_alarm_start_tick                       0x20000034   Data           4  medicine_box.o(.data)
    .data                                    0x20000038   Section       12  stm32f4xx_hal.o(.data)
    .data                                    0x20000044   Section        4  system_stm32f4xx.o(.data)
    .bss                                     0x20000048   Section       72  tim.o(.bss)
    .bss                                     0x20000090   Section      144  usart.o(.bss)
    .bss                                     0x20000120   Section      168  esp8266_uart.o(.bss)
    s_rx_line                                0x20000120   Data         128  esp8266_uart.o(.bss)
    s_ip                                     0x200001a0   Data          40  esp8266_uart.o(.bss)
    .bss                                     0x200001c8   Section     1024  oled.o(.bss)
    .bss                                     0x200005c8   Section       96  libspace.o(.bss)
    HEAP                                     0x20000628   Section      512  startup_stm32f407xx.o(HEAP)
    Heap_Mem                                 0x20000628   Data         512  startup_stm32f407xx.o(HEAP)
    STACK                                    0x20000828   Section     1024  startup_stm32f407xx.o(STACK)
    Stack_Mem                                0x20000828   Data        1024  startup_stm32f407xx.o(STACK)
    __initial_sp                             0x20000c28   Data           0  startup_stm32f407xx.o(STACK)

    Global Symbols

    Symbol Name                              Value     Ov Type        Size  Object(Section)

    BuildAttributes$$THM_ISAv4$E$P$D$K$B$S$7EM$VFPi3$EXTD16$VFPS$VFMA$PE$A:L22UL41UL21$X:L11$S22US41US21$IEEE1$IW$USESV6$~STKCKD$USESV7$~SHL$OTIME$ROPI$IEEEX$EBA8$UX$STANDARDLIB$REQ8$PRES8$EABIv2 0x00000000   Number         0  anon$$obj.o ABSOLUTE
    __ARM_use_no_argv                        0x00000000   Number         0  main.o ABSOLUTE
    _printf_flags                            0x00000000   Number         0  printf_stubs.o ABSOLUTE
    _printf_return_value                     0x00000000   Number         0  printf_stubs.o ABSOLUTE
    _printf_sizespec                         0x00000000   Number         0  printf_stubs.o ABSOLUTE
    _printf_widthprec                        0x00000000   Number         0  printf_stubs.o ABSOLUTE
    __ARM_exceptions_init                     - Undefined Weak Reference
    __alloca_initialize                       - Undefined Weak Reference
    __arm_fini_                               - Undefined Weak Reference
    __arm_preinit_                            - Undefined Weak Reference
    __cpp_initialize__aeabi_                  - Undefined Weak Reference
    __cxa_finalize                            - Undefined Weak Reference
    __sigvec_lookup                           - Undefined Weak Reference
    _atexit_init                              - Undefined Weak Reference
    _call_atexit_fns                          - Undefined Weak Reference
    _clock_init                               - Undefined Weak Reference
    _fp_trap_init                             - Undefined Weak Reference
    _fp_trap_shutdown                         - Undefined Weak Reference
    _get_lc_collate                           - Undefined Weak Reference
    _get_lc_monetary                          - Undefined Weak Reference
    _get_lc_time                              - Undefined Weak Reference
    _getenv_init                              - Undefined Weak Reference
    _handle_redirection                       - Undefined Weak Reference
    _init_alloc                               - Undefined Weak Reference
    _init_user_alloc                          - Undefined Weak Reference
    _initio                                   - Undefined Weak Reference
    _printf_mbtowc                            - Undefined Weak Reference
    _printf_wc                                - Undefined Weak Reference
    _rand_init                                - Undefined Weak Reference
    _signal_finish                            - Undefined Weak Reference
    _signal_init                              - Undefined Weak Reference
    _terminate_alloc                          - Undefined Weak Reference
    _terminate_user_alloc                     - Undefined Weak Reference
    _terminateio                              - Undefined Weak Reference
    __Vectors_Size                           0x00000188   Number         0  startup_stm32f407xx.o ABSOLUTE
    __Vectors                                0x08000000   Data           4  startup_stm32f407xx.o(RESET)
    __Vectors_End                            0x08000188   Data           0  startup_stm32f407xx.o(RESET)
    __main                                   0x08000189   Thumb Code     8  __main.o(!!!main)
    __scatterload                            0x08000191   Thumb Code     0  __scatter.o(!!!scatter)
    __scatterload_rt2                        0x08000191   Thumb Code    44  __scatter.o(!!!scatter)
    __scatterload_rt2_thumb_only             0x08000191   Thumb Code     0  __scatter.o(!!!scatter)
    __scatterload_null                       0x0800019f   Thumb Code     0  __scatter.o(!!!scatter)
    __scatterload_copy                       0x080001c5   Thumb Code    26  __scatter_copy.o(!!handler_copy)
    __scatterload_zeroinit                   0x080001e1   Thumb Code    28  __scatter_zi.o(!!handler_zi)
    __rt_lib_init                            0x080001fd   Thumb Code     0  libinit.o(.ARM.Collect$$libinit$$00000000)
    __rt_lib_init_fp_1                       0x080001ff   Thumb Code     0  libinit2.o(.ARM.Collect$$libinit$$00000001)
    __rt_lib_init_alloca_1                   0x08000203   Thumb Code     0  libinit2.o(.ARM.Collect$$libinit$$0000002E)
    __rt_lib_init_argv_1                     0x08000203   Thumb Code     0  libinit2.o(.ARM.Collect$$libinit$$0000002C)
    __rt_lib_init_atexit_1                   0x08000203   Thumb Code     0  libinit2.o(.ARM.Collect$$libinit$$0000001B)
    __rt_lib_init_clock_1                    0x08000203   Thumb Code     0  libinit2.o(.ARM.Collect$$libinit$$00000021)
    __rt_lib_init_cpp_1                      0x08000203   Thumb Code     0  libinit2.o(.ARM.Collect$$libinit$$00000032)
    __rt_lib_init_exceptions_1               0x08000203   Thumb Code     0  libinit2.o(.ARM.Collect$$libinit$$00000030)
    __rt_lib_init_fp_trap_1                  0x08000203   Thumb Code     0  libinit2.o(.ARM.Collect$$libinit$$0000001F)
    __rt_lib_init_getenv_1                   0x08000203   Thumb Code     0  libinit2.o(.ARM.Collect$$libinit$$00000023)
    __rt_lib_init_heap_1                     0x08000203   Thumb Code     0  libinit2.o(.ARM.Collect$$libinit$$0000000A)
    __rt_lib_init_lc_collate_1               0x08000203   Thumb Code     0  libinit2.o(.ARM.Collect$$libinit$$00000011)
    __rt_lib_init_lc_ctype_1                 0x08000203   Thumb Code     0  libinit2.o(.ARM.Collect$$libinit$$00000013)
    __rt_lib_init_lc_monetary_1              0x08000203   Thumb Code     0  libinit2.o(.ARM.Collect$$libinit$$00000015)
    __rt_lib_init_lc_numeric_1               0x08000203   Thumb Code     0  libinit2.o(.ARM.Collect$$libinit$$00000017)
    __rt_lib_init_lc_time_1                  0x08000203   Thumb Code     0  libinit2.o(.ARM.Collect$$libinit$$00000019)
    __rt_lib_init_preinit_1                  0x08000203   Thumb Code     0  libinit2.o(.ARM.Collect$$libinit$$00000004)
    __rt_lib_init_rand_1                     0x08000203   Thumb Code     0  libinit2.o(.ARM.Collect$$libinit$$0000000E)
    __rt_lib_init_return                     0x08000203   Thumb Code     0  libinit2.o(.ARM.Collect$$libinit$$00000033)
    __rt_lib_init_signal_1                   0x08000203   Thumb Code     0  libinit2.o(.ARM.Collect$$libinit$$0000001D)
    __rt_lib_init_stdio_1                    0x08000203   Thumb Code     0  libinit2.o(.ARM.Collect$$libinit$$00000025)
    __rt_lib_init_user_alloc_1               0x08000203   Thumb Code     0  libinit2.o(.ARM.Collect$$libinit$$0000000C)
    __rt_lib_shutdown                        0x08000205   Thumb Code     0  libshutdown.o(.ARM.Collect$$libshutdown$$00000000)
    __rt_lib_shutdown_cpp_1                  0x08000207   Thumb Code     0  libshutdown2.o(.ARM.Collect$$libshutdown$$00000004)
    __rt_lib_shutdown_fini_1                 0x08000207   Thumb Code     0  libshutdown2.o(.ARM.Collect$$libshutdown$$00000002)
    __rt_lib_shutdown_fp_trap_1              0x08000207   Thumb Code     0  libshutdown2.o(.ARM.Collect$$libshutdown$$00000009)
    __rt_lib_shutdown_heap_1                 0x08000207   Thumb Code     0  libshutdown2.o(.ARM.Collect$$libshutdown$$00000011)
    __rt_lib_shutdown_return                 0x08000207   Thumb Code     0  libshutdown2.o(.ARM.Collect$$libshutdown$$00000012)
    __rt_lib_shutdown_signal_1               0x08000207   Thumb Code     0  libshutdown2.o(.ARM.Collect$$libshutdown$$0000000C)
    __rt_lib_shutdown_stdio_1                0x08000207   Thumb Code     0  libshutdown2.o(.ARM.Collect$$libshutdown$$00000006)
    __rt_lib_shutdown_user_alloc_1           0x08000207   Thumb Code     0  libshutdown2.o(.ARM.Collect$$libshutdown$$0000000E)
    __rt_entry                               0x08000209   Thumb Code     0  __rtentry.o(.ARM.Collect$$rtentry$$00000000)
    __rt_entry_presh_1                       0x08000209   Thumb Code     0  __rtentry2.o(.ARM.Collect$$rtentry$$00000002)
    __rt_entry_sh                            0x08000209   Thumb Code     0  __rtentry4.o(.ARM.Collect$$rtentry$$00000004)
    __rt_entry_li                            0x0800020f   Thumb Code     0  __rtentry2.o(.ARM.Collect$$rtentry$$0000000A)
    __rt_entry_postsh_1                      0x0800020f   Thumb Code     0  __rtentry2.o(.ARM.Collect$$rtentry$$00000009)
    __rt_entry_main                          0x08000213   Thumb Code     0  __rtentry2.o(.ARM.Collect$$rtentry$$0000000D)
    __rt_entry_postli_1                      0x08000213   Thumb Code     0  __rtentry2.o(.ARM.Collect$$rtentry$$0000000C)
    __rt_exit                                0x0800021b   Thumb Code     0  rtexit.o(.ARM.Collect$$rtexit$$00000000)
    __rt_exit_ls                             0x0800021d   Thumb Code     0  rtexit2.o(.ARM.Collect$$rtexit$$00000003)
    __rt_exit_prels_1                        0x0800021d   Thumb Code     0  rtexit2.o(.ARM.Collect$$rtexit$$00000002)
    __rt_exit_exit                           0x08000221   Thumb Code     0  rtexit2.o(.ARM.Collect$$rtexit$$00000004)
    Reset_Handler                            0x08000229   Thumb Code     8  startup_stm32f407xx.o(.text)
    ADC_IRQHandler                           0x08000243   Thumb Code     0  startup_stm32f407xx.o(.text)
    CAN1_RX0_IRQHandler                      0x08000243   Thumb Code     0  startup_stm32f407xx.o(.text)
    CAN1_RX1_IRQHandler                      0x08000243   Thumb Code     0  startup_stm32f407xx.o(.text)
    CAN1_SCE_IRQHandler                      0x08000243   Thumb Code     0  startup_stm32f407xx.o(.text)
    CAN1_TX_IRQHandler                       0x08000243   Thumb Code     0  startup_stm32f407xx.o(.text)
    CAN2_RX0_IRQHandler                      0x08000243   Thumb Code     0  startup_stm32f407xx.o(.text)
    CAN2_RX1_IRQHandler                      0x08000243   Thumb Code     0  startup_stm32f407xx.o(.text)
    CAN2_SCE_IRQHandler                      0x08000243   Thumb Code     0  startup_stm32f407xx.o(.text)
    CAN2_TX_IRQHandler                       0x08000243   Thumb Code     0  startup_stm32f407xx.o(.text)
    DCMI_IRQHandler                          0x08000243   Thumb Code     0  startup_stm32f407xx.o(.text)
    DMA1_Stream0_IRQHandler                  0x08000243   Thumb Code     0  startup_stm32f407xx.o(.text)
    DMA1_Stream1_IRQHandler                  0x08000243   Thumb Code     0  startup_stm32f407xx.o(.text)
    DMA1_Stream2_IRQHandler                  0x08000243   Thumb Code     0  startup_stm32f407xx.o(.text)
    DMA1_Stream3_IRQHandler                  0x08000243   Thumb Code     0  startup_stm32f407xx.o(.text)
    DMA1_Stream4_IRQHandler                  0x08000243   Thumb Code     0  startup_stm32f407xx.o(.text)
    DMA1_Stream5_IRQHandler                  0x08000243   Thumb Code     0  startup_stm32f407xx.o(.text)
    DMA1_Stream6_IRQHandler                  0x08000243   Thumb Code     0  startup_stm32f407xx.o(.text)
    DMA1_Stream7_IRQHandler                  0x08000243   Thumb Code     0  startup_stm32f407xx.o(.text)
    DMA2_Stream0_IRQHandler                  0x08000243   Thumb Code     0  startup_stm32f407xx.o(.text)
    DMA2_Stream1_IRQHandler                  0x08000243   Thumb Code     0  startup_stm32f407xx.o(.text)
    DMA2_Stream2_IRQHandler                  0x08000243   Thumb Code     0  startup_stm32f407xx.o(.text)
    DMA2_Stream3_IRQHandler                  0x08000243   Thumb Code     0  startup_stm32f407xx.o(.text)
    DMA2_Stream4_IRQHandler                  0x08000243   Thumb Code     0  startup_stm32f407xx.o(.text)
    DMA2_Stream5_IRQHandler                  0x08000243   Thumb Code     0  startup_stm32f407xx.o(.text)
    DMA2_Stream6_IRQHandler                  0x08000243   Thumb Code     0  startup_stm32f407xx.o(.text)
    DMA2_Stream7_IRQHandler                  0x08000243   Thumb Code     0  startup_stm32f407xx.o(.text)
    ETH_IRQHandler                           0x08000243   Thumb Code     0  startup_stm32f407xx.o(.text)
    ETH_WKUP_IRQHandler                      0x08000243   Thumb Code     0  startup_stm32f407xx.o(.text)
    EXTI0_IRQHandler                         0x08000243   Thumb Code     0  startup_stm32f407xx.o(.text)
    EXTI15_10_IRQHandler                     0x08000243   Thumb Code     0  startup_stm32f407xx.o(.text)
    EXTI1_IRQHandler                         0x08000243   Thumb Code     0  startup_stm32f407xx.o(.text)
    EXTI2_IRQHandler                         0x08000243   Thumb Code     0  startup_stm32f407xx.o(.text)
    EXTI3_IRQHandler                         0x08000243   Thumb Code     0  startup_stm32f407xx.o(.text)
    EXTI4_IRQHandler                         0x08000243   Thumb Code     0  startup_stm32f407xx.o(.text)
    EXTI9_5_IRQHandler                       0x08000243   Thumb Code     0  startup_stm32f407xx.o(.text)
    FLASH_IRQHandler                         0x08000243   Thumb Code     0  startup_stm32f407xx.o(.text)
    FMC_IRQHandler                           0x08000243   Thumb Code     0  startup_stm32f407xx.o(.text)
    FPU_IRQHandler                           0x08000243   Thumb Code     0  startup_stm32f407xx.o(.text)
    HASH_RNG_IRQHandler                      0x08000243   Thumb Code     0  startup_stm32f407xx.o(.text)
    I2C1_ER_IRQHandler                       0x08000243   Thumb Code     0  startup_stm32f407xx.o(.text)
    I2C1_EV_IRQHandler                       0x08000243   Thumb Code     0  startup_stm32f407xx.o(.text)
    I2C2_ER_IRQHandler                       0x08000243   Thumb Code     0  startup_stm32f407xx.o(.text)
    I2C2_EV_IRQHandler                       0x08000243   Thumb Code     0  startup_stm32f407xx.o(.text)
    I2C3_ER_IRQHandler                       0x08000243   Thumb Code     0  startup_stm32f407xx.o(.text)
    I2C3_EV_IRQHandler                       0x08000243   Thumb Code     0  startup_stm32f407xx.o(.text)
    OTG_FS_IRQHandler                        0x08000243   Thumb Code     0  startup_stm32f407xx.o(.text)
    OTG_FS_WKUP_IRQHandler                   0x08000243   Thumb Code     0  startup_stm32f407xx.o(.text)
    OTG_HS_EP1_IN_IRQHandler                 0x08000243   Thumb Code     0  startup_stm32f407xx.o(.text)
    OTG_HS_EP1_OUT_IRQHandler                0x08000243   Thumb Code     0  startup_stm32f407xx.o(.text)
    OTG_HS_IRQHandler                        0x08000243   Thumb Code     0  startup_stm32f407xx.o(.text)
    OTG_HS_WKUP_IRQHandler                   0x08000243   Thumb Code     0  startup_stm32f407xx.o(.text)
    PVD_IRQHandler                           0x08000243   Thumb Code     0  startup_stm32f407xx.o(.text)
    RCC_IRQHandler                           0x08000243   Thumb Code     0  startup_stm32f407xx.o(.text)
    RTC_Alarm_IRQHandler                     0x08000243   Thumb Code     0  startup_stm32f407xx.o(.text)
    RTC_WKUP_IRQHandler                      0x08000243   Thumb Code     0  startup_stm32f407xx.o(.text)
    SDIO_IRQHandler                          0x08000243   Thumb Code     0  startup_stm32f407xx.o(.text)
    SPI1_IRQHandler                          0x08000243   Thumb Code     0  startup_stm32f407xx.o(.text)
    SPI2_IRQHandler                          0x08000243   Thumb Code     0  startup_stm32f407xx.o(.text)
    SPI3_IRQHandler                          0x08000243   Thumb Code     0  startup_stm32f407xx.o(.text)
    TAMP_STAMP_IRQHandler                    0x08000243   Thumb Code     0  startup_stm32f407xx.o(.text)
    TIM1_BRK_TIM9_IRQHandler                 0x08000243   Thumb Code     0  startup_stm32f407xx.o(.text)
    TIM1_CC_IRQHandler                       0x08000243   Thumb Code     0  startup_stm32f407xx.o(.text)
    TIM1_TRG_COM_TIM11_IRQHandler            0x08000243   Thumb Code     0  startup_stm32f407xx.o(.text)
    TIM1_UP_TIM10_IRQHandler                 0x08000243   Thumb Code     0  startup_stm32f407xx.o(.text)
    TIM2_IRQHandler                          0x08000243   Thumb Code     0  startup_stm32f407xx.o(.text)
    TIM3_IRQHandler                          0x08000243   Thumb Code     0  startup_stm32f407xx.o(.text)
    TIM4_IRQHandler                          0x08000243   Thumb Code     0  startup_stm32f407xx.o(.text)
    TIM5_IRQHandler                          0x08000243   Thumb Code     0  startup_stm32f407xx.o(.text)
    TIM6_DAC_IRQHandler                      0x08000243   Thumb Code     0  startup_stm32f407xx.o(.text)
    TIM7_IRQHandler                          0x08000243   Thumb Code     0  startup_stm32f407xx.o(.text)
    TIM8_BRK_TIM12_IRQHandler                0x08000243   Thumb Code     0  startup_stm32f407xx.o(.text)
    TIM8_CC_IRQHandler                       0x08000243   Thumb Code     0  startup_stm32f407xx.o(.text)
    TIM8_TRG_COM_TIM14_IRQHandler            0x08000243   Thumb Code     0  startup_stm32f407xx.o(.text)
    TIM8_UP_TIM13_IRQHandler                 0x08000243   Thumb Code     0  startup_stm32f407xx.o(.text)
    UART4_IRQHandler                         0x08000243   Thumb Code     0  startup_stm32f407xx.o(.text)
    UART5_IRQHandler                         0x08000243   Thumb Code     0  startup_stm32f407xx.o(.text)
    USART2_IRQHandler                        0x08000243   Thumb Code     0  startup_stm32f407xx.o(.text)
    USART3_IRQHandler                        0x08000243   Thumb Code     0  startup_stm32f407xx.o(.text)
    USART6_IRQHandler                        0x08000243   Thumb Code     0  startup_stm32f407xx.o(.text)
    WWDG_IRQHandler                          0x08000243   Thumb Code     0  startup_stm32f407xx.o(.text)
    __user_initial_stackheap                 0x08000245   Thumb Code     0  startup_stm32f407xx.o(.text)
    __aeabi_uldivmod                         0x08000269   Thumb Code     0  lludivv7m.o(.text)
    _ll_udiv                                 0x08000269   Thumb Code   238  lludivv7m.o(.text)
    strlen                                   0x08000357   Thumb Code    62  strlen.o(.text)
    __aeabi_memcpy4                          0x08000395   Thumb Code     0  rt_memcpy_w.o(.text)
    __aeabi_memcpy8                          0x08000395   Thumb Code     0  rt_memcpy_w.o(.text)
    __rt_memcpy_w                            0x08000395   Thumb Code   100  rt_memcpy_w.o(.text)
    _memcpy_lastbytes_aligned                0x080003dd   Thumb Code     0  rt_memcpy_w.o(.text)
    __aeabi_memclr4                          0x080003f9   Thumb Code     0  rt_memclr_w.o(.text)
    __aeabi_memclr8                          0x080003f9   Thumb Code     0  rt_memclr_w.o(.text)
    __rt_memclr_w                            0x080003f9   Thumb Code    78  rt_memclr_w.o(.text)
    _memset_w                                0x080003fd   Thumb Code     0  rt_memclr_w.o(.text)
    strcmp                                   0x08000449   Thumb Code   128  strcmpv7m.o(.text)
    __use_two_region_memory                  0x080004c9   Thumb Code     2  heapauxi.o(.text)
    __rt_heap_escrow$2region                 0x080004cb   Thumb Code     2  heapauxi.o(.text)
    __rt_heap_expand$2region                 0x080004cd   Thumb Code     2  heapauxi.o(.text)
    __user_libspace                          0x080004d1   Thumb Code     8  libspace.o(.text)
    __user_perproc_libspace                  0x080004d1   Thumb Code     0  libspace.o(.text)
    __user_perthread_libspace                0x080004d1   Thumb Code     0  libspace.o(.text)
    __user_setup_stackheap                   0x080004d9   Thumb Code    74  sys_stackheap_outer.o(.text)
    exit                                     0x08000523   Thumb Code    18  exit.o(.text)
    _sys_exit                                0x08000535   Thumb Code     8  sys_exit.o(.text)
    __I$use$semihosting                      0x08000541   Thumb Code     0  use_no_semi.o(.text)
    __use_no_semihosting_swi                 0x08000541   Thumb Code     2  use_no_semi.o(.text)
    BusFault_Handler                         0x08000543   Thumb Code     2  stm32f4xx_it.o(i.BusFault_Handler)
    __semihosting_library_function           0x08000543   Thumb Code     0  indicate_semi.o(.text)
    DebugMon_Handler                         0x08000545   Thumb Code     2  stm32f4xx_it.o(i.DebugMon_Handler)
    ESP8266_UART_ClearAlarmEvent             0x08000549   Thumb Code     8  esp8266_uart.o(i.ESP8266_UART_ClearAlarmEvent)
    ESP8266_UART_ClearStatusUpdated          0x08000555   Thumb Code     8  esp8266_uart.o(i.ESP8266_UART_ClearStatusUpdated)
    ESP8266_UART_GetAlarmSlot                0x08000561   Thumb Code     6  esp8266_uart.o(i.ESP8266_UART_GetAlarmSlot)
    ESP8266_UART_GetIP                       0x0800056d   Thumb Code    58  esp8266_uart.o(i.ESP8266_UART_GetIP)
    ESP8266_UART_GetTimeHHMM                 0x080005ad   Thumb Code    18  esp8266_uart.o(i.ESP8266_UART_GetTimeHHMM)
    ESP8266_UART_IsAlarmEventPending         0x080005c5   Thumb Code     6  esp8266_uart.o(i.ESP8266_UART_IsAlarmEventPending)
    ESP8266_UART_IsStatusUpdated             0x080005d1   Thumb Code     6  esp8266_uart.o(i.ESP8266_UART_IsStatusUpdated)
    ESP8266_UART_SendTakeMedReminder         0x08000735   Thumb Code    90  esp8266_uart.o(i.ESP8266_UART_SendTakeMedReminder)
    ESP8266_UART_StartReceive                0x080007b9   Thumb Code    60  esp8266_uart.o(i.ESP8266_UART_StartReceive)
    Error_Handler                            0x0800080d   Thumb Code     4  main.o(i.Error_Handler)
    HAL_DMA_Abort                            0x08000811   Thumb Code   146  stm32f4xx_hal_dma.o(i.HAL_DMA_Abort)
    HAL_DMA_Abort_IT                         0x080008a3   Thumb Code    36  stm32f4xx_hal_dma.o(i.HAL_DMA_Abort_IT)
    HAL_Delay                                0x080008c9   Thumb Code    32  stm32f4xx_hal.o(i.HAL_Delay)
    HAL_GPIO_Init                            0x080008ed   Thumb Code   450  stm32f4xx_hal_gpio.o(i.HAL_GPIO_Init)
    HAL_GPIO_ReadPin                         0x08000add   Thumb Code    10  stm32f4xx_hal_gpio.o(i.HAL_GPIO_ReadPin)
    HAL_GPIO_WritePin                        0x08000ae7   Thumb Code    10  stm32f4xx_hal_gpio.o(i.HAL_GPIO_WritePin)
    HAL_GetTick                              0x08000af1   Thumb Code     6  stm32f4xx_hal.o(i.HAL_GetTick)
    HAL_IncTick                              0x08000afd   Thumb Code    12  stm32f4xx_hal.o(i.HAL_IncTick)
    HAL_Init                                 0x08000b0d   Thumb Code    48  stm32f4xx_hal.o(i.HAL_Init)
    HAL_InitTick                             0x08000b41   Thumb Code    54  stm32f4xx_hal.o(i.HAL_InitTick)
    HAL_MspInit                              0x08000b81   Thumb Code    42  stm32f4xx_hal_msp.o(i.HAL_MspInit)
    HAL_NVIC_EnableIRQ                       0x08000bb1   Thumb Code    26  stm32f4xx_hal_cortex.o(i.HAL_NVIC_EnableIRQ)
    HAL_NVIC_SetPriority                     0x08000bcd   Thumb Code    60  stm32f4xx_hal_cortex.o(i.HAL_NVIC_SetPriority)
    HAL_NVIC_SetPriorityGrouping             0x08000c0d   Thumb Code    26  stm32f4xx_hal_cortex.o(i.HAL_NVIC_SetPriorityGrouping)
    HAL_RCC_ClockConfig                      0x08000c31   Thumb Code   288  stm32f4xx_hal_rcc.o(i.HAL_RCC_ClockConfig)
    HAL_RCC_GetPCLK1Freq                     0x08000d65   Thumb Code    20  stm32f4xx_hal_rcc.o(i.HAL_RCC_GetPCLK1Freq)
    HAL_RCC_GetPCLK2Freq                     0x08000d85   Thumb Code    20  stm32f4xx_hal_rcc.o(i.HAL_RCC_GetPCLK2Freq)
    HAL_RCC_GetSysClockFreq                  0x08000da5   Thumb Code    88  stm32f4xx_hal_rcc.o(i.HAL_RCC_GetSysClockFreq)
    HAL_RCC_OscConfig                        0x08000e05   Thumb Code   856  stm32f4xx_hal_rcc.o(i.HAL_RCC_OscConfig)
    HAL_SYSTICK_Config                       0x08001171   Thumb Code    40  stm32f4xx_hal_cortex.o(i.HAL_SYSTICK_Config)
    HAL_TIMEx_MasterConfigSynchronization    0x08001199   Thumb Code   116  stm32f4xx_hal_tim_ex.o(i.HAL_TIMEx_MasterConfigSynchronization)
    HAL_TIM_MspPostInit                      0x08001229   Thumb Code    70  tim.o(i.HAL_TIM_MspPostInit)
    HAL_TIM_PWM_ConfigChannel                0x08001279   Thumb Code   204  stm32f4xx_hal_tim.o(i.HAL_TIM_PWM_ConfigChannel)
    HAL_TIM_PWM_Init                         0x08001345   Thumb Code    90  stm32f4xx_hal_tim.o(i.HAL_TIM_PWM_Init)
    HAL_TIM_PWM_MspInit                      0x080013a1   Thumb Code    30  tim.o(i.HAL_TIM_PWM_MspInit)
    HAL_TIM_PWM_Start                        0x080013c5   Thumb Code   172  stm32f4xx_hal_tim.o(i.HAL_TIM_PWM_Start)
    HAL_UARTEx_RxEventCallback               0x0800148d   Thumb Code     2  stm32f4xx_hal_uart.o(i.HAL_UARTEx_RxEventCallback)
    HAL_UART_ErrorCallback                   0x08001491   Thumb Code    44  esp8266_uart.o(i.HAL_UART_ErrorCallback)
    HAL_UART_IRQHandler                      0x080014c9   Thumb Code   636  stm32f4xx_hal_uart.o(i.HAL_UART_IRQHandler)
    HAL_UART_Init                            0x08001749   Thumb Code   100  stm32f4xx_hal_uart.o(i.HAL_UART_Init)
    HAL_UART_MspInit                         0x080017ad   Thumb Code   174  usart.o(i.HAL_UART_MspInit)
    HAL_UART_Receive_IT                      0x08001871   Thumb Code    28  stm32f4xx_hal_uart.o(i.HAL_UART_Receive_IT)
    HAL_UART_RxCpltCallback                  0x0800188d   Thumb Code    84  esp8266_uart.o(i.HAL_UART_RxCpltCallback)
    HAL_UART_Transmit                        0x080018f1   Thumb Code   160  stm32f4xx_hal_uart.o(i.HAL_UART_Transmit)
    HAL_UART_TxCpltCallback                  0x08001991   Thumb Code     2  stm32f4xx_hal_uart.o(i.HAL_UART_TxCpltCallback)
    HardFault_Handler                        0x08001993   Thumb Code     2  stm32f4xx_it.o(i.HardFault_Handler)
    JQ8400_Voice_Init                        0x080019a9   Thumb Code    32  jq8400_voice.o(i.JQ8400_Voice_Init)
    JQ8400_Voice_PlayAlarm                   0x080019c9   Thumb Code    20  jq8400_voice.o(i.JQ8400_Voice_PlayAlarm)
    JQ8400_Voice_PlayRemind                  0x080019e5   Thumb Code    20  jq8400_voice.o(i.JQ8400_Voice_PlayRemind)
    JQ8400_Voice_PlayTaken                   0x08001a01   Thumb Code    20  jq8400_voice.o(i.JQ8400_Voice_PlayTaken)
    JQ8x00_Command_Data                      0x08001a1d   Thumb Code   106  jq8400.o(i.JQ8x00_Command_Data)
    JQ8x00_Init                              0x08001a91   Thumb Code     2  jq8400.o(i.JQ8x00_Init)
    JQ8x00_RandomPathPlay                    0x08001a95   Thumb Code   128  jq8400.o(i.JQ8x00_RandomPathPlay)
    Key_Init                                 0x08001b1d   Thumb Code    94  key.o(i.Key_Init)
    Key_IsPressed                            0x08001b85   Thumb Code    62  key.o(i.Key_IsPressed)
    MX_GPIO_Init                             0x08001bed   Thumb Code   116  gpio.o(i.MX_GPIO_Init)
    MX_TIM2_Init                             0x08001c69   Thumb Code   142  tim.o(i.MX_TIM2_Init)
    MX_USART1_UART_Init                      0x08001cfd   Thumb Code    48  usart.o(i.MX_USART1_UART_Init)
    MX_USART3_UART_Init                      0x08001d35   Thumb Code    48  usart.o(i.MX_USART3_UART_Init)
    MedicineBox_Init                         0x08001d6d   Thumb Code    14  medicine_box.o(i.MedicineBox_Init)
    MedicineBox_Process                      0x08001d81   Thumb Code   146  medicine_box.o(i.MedicineBox_Process)
    MemManage_Handler                        0x08001e61   Thumb Code     2  stm32f4xx_it.o(i.MemManage_Handler)
    NMI_Handler                              0x08001e63   Thumb Code     2  stm32f4xx_it.o(i.NMI_Handler)
    OLED_Clear                               0x08001e65   Thumb Code    34  oled.o(i.OLED_Clear)
    OLED_ClearArea                           0x08001e8d   Thumb Code    86  oled.o(i.OLED_ClearArea)
    OLED_GPIO_Init                           0x08001ee9   Thumb Code   104  oled.o(i.OLED_GPIO_Init)
    OLED_I2C_SendByte                        0x08001f6b   Thumb Code    58  oled.o(i.OLED_I2C_SendByte)
    OLED_I2C_Start                           0x08001fa5   Thumb Code    30  oled.o(i.OLED_I2C_Start)
    OLED_I2C_Stop                            0x08001fc3   Thumb Code    24  oled.o(i.OLED_I2C_Stop)
    OLED_Init                                0x08001fdb   Thumb Code   156  oled.o(i.OLED_Init)
    OLED_SetCursor                           0x08002077   Thumb Code    34  oled.o(i.OLED_SetCursor)
    OLED_ShowChar                            0x08002099   Thumb Code    52  oled.o(i.OLED_ShowChar)
    OLED_ShowChinese                         0x080020d5   Thumb Code   128  oled.o(i.OLED_ShowChinese)
    OLED_ShowImage                           0x0800215d   Thumb Code   186  oled.o(i.OLED_ShowImage)
    OLED_ShowString                          0x0800221d   Thumb Code    44  oled.o(i.OLED_ShowString)
    OLED_Status_InitDefaults                 0x08002249   Thumb Code     4  oled_status.o(i.OLED_Status_InitDefaults)
    OLED_Status_Refresh                      0x0800224d   Thumb Code    72  oled_status.o(i.OLED_Status_Refresh)
    OLED_Update                              0x08002295   Thumb Code    34  oled.o(i.OLED_Update)
    OLED_UpdateArea                          0x080022bd   Thumb Code    92  oled.o(i.OLED_UpdateArea)
    OLED_W_SCL                               0x0800231d   Thumb Code    20  oled.o(i.OLED_W_SCL)
    OLED_W_SDA                               0x08002335   Thumb Code    20  oled.o(i.OLED_W_SDA)
    OLED_WriteCommand                        0x0800234d   Thumb Code    34  oled.o(i.OLED_WriteCommand)
    OLED_WriteData                           0x0800236f   Thumb Code    48  oled.o(i.OLED_WriteData)
    PendSV_Handler                           0x0800239f   Thumb Code     2  stm32f4xx_it.o(i.PendSV_Handler)
    SVC_Handler                              0x080023a1   Thumb Code     2  stm32f4xx_it.o(i.SVC_Handler)
    Servo_Init                               0x080023a5   Thumb Code    72  servo.o(i.Servo_Init)
    Servo_SetAngle                           0x080023f1   Thumb Code    50  servo.o(i.Servo_SetAngle)
    SysTick_Handler                          0x08002499   Thumb Code     4  stm32f4xx_it.o(i.SysTick_Handler)
    SystemClock_Config                       0x0800249d   Thumb Code   142  main.o(i.SystemClock_Config)
    SystemInit                               0x08002535   Thumb Code    12  system_stm32f4xx.o(i.SystemInit)
    TIM_Base_SetConfig                       0x08002545   Thumb Code   164  stm32f4xx_hal_tim.o(i.TIM_Base_SetConfig)
    TIM_CCxChannelCmd                        0x08002615   Thumb Code    26  stm32f4xx_hal_tim.o(i.TIM_CCxChannelCmd)
    TIM_OC2_SetConfig                        0x08002691   Thumb Code    98  stm32f4xx_hal_tim.o(i.TIM_OC2_SetConfig)
    UART_Start_Receive_IT                    0x080029e1   Thumb Code    54  stm32f4xx_hal_uart.o(i.UART_Start_Receive_IT)
    USART1_IRQHandler                        0x08002a89   Thumb Code     6  stm32f4xx_it.o(i.USART1_IRQHandler)
    UsageFault_Handler                       0x08002a95   Thumb Code     2  stm32f4xx_it.o(i.UsageFault_Handler)
    main                                     0x08002ab9   Thumb Code    88  main.o(i.main)
    _fp_init                                 0x08002b15   Thumb Code    10  fpinit.o(x$fpl$fpinit)
    __fplib_config_fpu_vfp                   0x08002b1d   Thumb Code     0  fpinit.o(x$fpl$fpinit)
    __fplib_config_pureend_doubles           0x08002b1d   Thumb Code     0  fpinit.o(x$fpl$fpinit)
    AHBPrescTable                            0x08002b82   Data          16  system_stm32f4xx.o(.constdata)
    APBPrescTable                            0x08002b92   Data           8  system_stm32f4xx.o(.constdata)
    OLED_F8x16                               0x08002b9a   Data        1520  oled_data.o(.constdata)
    OLED_F6x8                                0x0800318a   Data         570  oled_data.o(.constdata)
    OLED_CF16x16                             0x080033c4   Data         828  oled_data.o(.constdata)
    Region$$Table$$Base                      0x08003700   Number         0  anon$$obj.o(Region$$Table)
    Region$$Table$$Limit                     0x08003720   Number         0  anon$$obj.o(Region$$Table)
    uwTickFreq                               0x20000038   Data           1  stm32f4xx_hal.o(.data)
    uwTickPrio                               0x2000003c   Data           4  stm32f4xx_hal.o(.data)
    uwTick                                   0x20000040   Data           4  stm32f4xx_hal.o(.data)
    SystemCoreClock                          0x20000044   Data           4  system_stm32f4xx.o(.data)
    htim2                                    0x20000048   Data          72  tim.o(.bss)
    huart1                                   0x20000090   Data          72  usart.o(.bss)
    huart3                                   0x200000d8   Data          72  usart.o(.bss)
    OLED_DisplayBuf                          0x200001c8   Data        1024  oled.o(.bss)
    __libspace_start                         0x200005c8   Data          96  libspace.o(.bss)
    __temporary_stack_top$libspace           0x20000628   Data           0  libspace.o(.bss)



==============================================================================

Memory Map of the image

  Image Entry point : 0x08000189

  Load Region LR_IROM1 (Base: 0x08000000, Size: 0x00003768, Max: 0x00100000, ABSOLUTE)

    Execution Region ER_IROM1 (Exec base: 0x08000000, Load base: 0x08000000, Size: 0x00003720, Max: 0x00100000, ABSOLUTE)

    Exec Addr    Load Addr    Size         Type   Attr      Idx    E Section Name        Object

    0x08000000   0x08000000   0x00000188   Data   RO            3    RESET               startup_stm32f407xx.o
    0x08000188   0x08000188   0x00000008   Code   RO         4067  * !!!main             c_w.l(__main.o)
    0x08000190   0x08000190   0x00000034   Code   RO         4504    !!!scatter          c_w.l(__scatter.o)
    0x080001c4   0x080001c4   0x0000001a   Code   RO         4506    !!handler_copy      c_w.l(__scatter_copy.o)
    0x080001de   0x080001de   0x00000002   PAD
    0x080001e0   0x080001e0   0x0000001c   Code   RO         4508    !!handler_zi        c_w.l(__scatter_zi.o)
    0x080001fc   0x080001fc   0x00000002   Code   RO         4370    .ARM.Collect$$libinit$$00000000  c_w.l(libinit.o)
    0x080001fe   0x080001fe   0x00000004   Code   RO         4384    .ARM.Collect$$libinit$$00000001  c_w.l(libinit2.o)
    0x08000202   0x08000202   0x00000000   Code   RO         4387    .ARM.Collect$$libinit$$00000004  c_w.l(libinit2.o)
    0x08000202   0x08000202   0x00000000   Code   RO         4390    .ARM.Collect$$libinit$$0000000A  c_w.l(libinit2.o)
    0x08000202   0x08000202   0x00000000   Code   RO         4392    .ARM.Collect$$libinit$$0000000C  c_w.l(libinit2.o)
    0x08000202   0x08000202   0x00000000   Code   RO         4394    .ARM.Collect$$libinit$$0000000E  c_w.l(libinit2.o)
    0x08000202   0x08000202   0x00000000   Code   RO         4397    .ARM.Collect$$libinit$$00000011  c_w.l(libinit2.o)
    0x08000202   0x08000202   0x00000000   Code   RO         4399    .ARM.Collect$$libinit$$00000013  c_w.l(libinit2.o)
    0x08000202   0x08000202   0x00000000   Code   RO         4401    .ARM.Collect$$libinit$$00000015  c_w.l(libinit2.o)
    0x08000202   0x08000202   0x00000000   Code   RO         4403    .ARM.Collect$$libinit$$00000017  c_w.l(libinit2.o)
    0x08000202   0x08000202   0x00000000   Code   RO         4405    .ARM.Collect$$libinit$$00000019  c_w.l(libinit2.o)
    0x08000202   0x08000202   0x00000000   Code   RO         4407    .ARM.Collect$$libinit$$0000001B  c_w.l(libinit2.o)
    0x08000202   0x08000202   0x00000000   Code   RO         4409    .ARM.Collect$$libinit$$0000001D  c_w.l(libinit2.o)
    0x08000202   0x08000202   0x00000000   Code   RO         4411    .ARM.Collect$$libinit$$0000001F  c_w.l(libinit2.o)
    0x08000202   0x08000202   0x00000000   Code   RO         4413    .ARM.Collect$$libinit$$00000021  c_w.l(libinit2.o)
    0x08000202   0x08000202   0x00000000   Code   RO         4415    .ARM.Collect$$libinit$$00000023  c_w.l(libinit2.o)
    0x08000202   0x08000202   0x00000000   Code   RO         4417    .ARM.Collect$$libinit$$00000025  c_w.l(libinit2.o)
    0x08000202   0x08000202   0x00000000   Code   RO         4421    .ARM.Collect$$libinit$$0000002C  c_w.l(libinit2.o)
    0x08000202   0x08000202   0x00000000   Code   RO         4423    .ARM.Collect$$libinit$$0000002E  c_w.l(libinit2.o)
    0x08000202   0x08000202   0x00000000   Code   RO         4425    .ARM.Collect$$libinit$$00000030  c_w.l(libinit2.o)
    0x08000202   0x08000202   0x00000000   Code   RO         4427    .ARM.Collect$$libinit$$00000032  c_w.l(libinit2.o)
    0x08000202   0x08000202   0x00000002   Code   RO         4428    .ARM.Collect$$libinit$$00000033  c_w.l(libinit2.o)
    0x08000204   0x08000204   0x00000002   Code   RO         4459    .ARM.Collect$$libshutdown$$00000000  c_w.l(libshutdown.o)
    0x08000206   0x08000206   0x00000000   Code   RO         4485    .ARM.Collect$$libshutdown$$00000002  c_w.l(libshutdown2.o)
    0x08000206   0x08000206   0x00000000   Code   RO         4487    .ARM.Collect$$libshutdown$$00000004  c_w.l(libshutdown2.o)
    0x08000206   0x08000206   0x00000000   Code   RO         4489    .ARM.Collect$$libshutdown$$00000006  c_w.l(libshutdown2.o)
    0x08000206   0x08000206   0x00000000   Code   RO         4492    .ARM.Collect$$libshutdown$$00000009  c_w.l(libshutdown2.o)
    0x08000206   0x08000206   0x00000000   Code   RO         4495    .ARM.Collect$$libshutdown$$0000000C  c_w.l(libshutdown2.o)
    0x08000206   0x08000206   0x00000000   Code   RO         4497    .ARM.Collect$$libshutdown$$0000000E  c_w.l(libshutdown2.o)
    0x08000206   0x08000206   0x00000000   Code   RO         4500    .ARM.Collect$$libshutdown$$00000011  c_w.l(libshutdown2.o)
    0x08000206   0x08000206   0x00000002   Code   RO         4501    .ARM.Collect$$libshutdown$$00000012  c_w.l(libshutdown2.o)
    0x08000208   0x08000208   0x00000000   Code   RO         4119    .ARM.Collect$$rtentry$$00000000  c_w.l(__rtentry.o)
    0x08000208   0x08000208   0x00000000   Code   RO         4274    .ARM.Collect$$rtentry$$00000002  c_w.l(__rtentry2.o)
    0x08000208   0x08000208   0x00000006   Code   RO         4286    .ARM.Collect$$rtentry$$00000004  c_w.l(__rtentry4.o)
    0x0800020e   0x0800020e   0x00000000   Code   RO         4276    .ARM.Collect$$rtentry$$00000009  c_w.l(__rtentry2.o)
    0x0800020e   0x0800020e   0x00000004   Code   RO         4277    .ARM.Collect$$rtentry$$0000000A  c_w.l(__rtentry2.o)
    0x08000212   0x08000212   0x00000000   Code   RO         4279    .ARM.Collect$$rtentry$$0000000C  c_w.l(__rtentry2.o)
    0x08000212   0x08000212   0x00000008   Code   RO         4280    .ARM.Collect$$rtentry$$0000000D  c_w.l(__rtentry2.o)
    0x0800021a   0x0800021a   0x00000002   Code   RO         4373    .ARM.Collect$$rtexit$$00000000  c_w.l(rtexit.o)
    0x0800021c   0x0800021c   0x00000000   Code   RO         4432    .ARM.Collect$$rtexit$$00000002  c_w.l(rtexit2.o)
    0x0800021c   0x0800021c   0x00000004   Code   RO         4433    .ARM.Collect$$rtexit$$00000003  c_w.l(rtexit2.o)
    0x08000220   0x08000220   0x00000006   Code   RO         4434    .ARM.Collect$$rtexit$$00000004  c_w.l(rtexit2.o)
    0x08000226   0x08000226   0x00000002   PAD
    0x08000228   0x08000228   0x00000040   Code   RO            4    .text               startup_stm32f407xx.o
    0x08000268   0x08000268   0x000000ee   Code   RO         4053    .text               c_w.l(lludivv7m.o)
    0x08000356   0x08000356   0x0000003e   Code   RO         4057    .text               c_w.l(strlen.o)
    0x08000394   0x08000394   0x00000064   Code   RO         4059    .text               c_w.l(rt_memcpy_w.o)
    0x080003f8   0x080003f8   0x0000004e   Code   RO         4061    .text               c_w.l(rt_memclr_w.o)
    0x08000446   0x08000446   0x00000002   PAD
    0x08000448   0x08000448   0x00000080   Code   RO         4063    .text               c_w.l(strcmpv7m.o)
    0x080004c8   0x080004c8   0x00000006   Code   RO         4065    .text               c_w.l(heapauxi.o)
    0x080004ce   0x080004ce   0x00000002   PAD
    0x080004d0   0x080004d0   0x00000008   Code   RO         4317    .text               c_w.l(libspace.o)
    0x080004d8   0x080004d8   0x0000004a   Code   RO         4320    .text               c_w.l(sys_stackheap_outer.o)
    0x08000522   0x08000522   0x00000012   Code   RO         4359    .text               c_w.l(exit.o)
    0x08000534   0x08000534   0x0000000c   Code   RO         4429    .text               c_w.l(sys_exit.o)
    0x08000540   0x08000540   0x00000002   Code   RO         4448    .text               c_w.l(use_no_semi.o)
    0x08000542   0x08000542   0x00000000   Code   RO         4450    .text               c_w.l(indicate_semi.o)
    0x08000542   0x08000542   0x00000002   Code   RO          704    i.BusFault_Handler  stm32f4xx_it.o
    0x08000544   0x08000544   0x00000002   Code   RO          705    i.DebugMon_Handler  stm32f4xx_it.o
    0x08000546   0x08000546   0x00000002   PAD
    0x08000548   0x08000548   0x0000000c   Code   RO          385    i.ESP8266_UART_ClearAlarmEvent  esp8266_uart.o
    0x08000554   0x08000554   0x0000000c   Code   RO          386    i.ESP8266_UART_ClearStatusUpdated  esp8266_uart.o
    0x08000560   0x08000560   0x0000000c   Code   RO          387    i.ESP8266_UART_GetAlarmSlot  esp8266_uart.o
    0x0800056c   0x0800056c   0x00000040   Code   RO          388    i.ESP8266_UART_GetIP  esp8266_uart.o
    0x080005ac   0x080005ac   0x00000018   Code   RO          389    i.ESP8266_UART_GetTimeHHMM  esp8266_uart.o
    0x080005c4   0x080005c4   0x0000000c   Code   RO          390    i.ESP8266_UART_IsAlarmEventPending  esp8266_uart.o
    0x080005d0   0x080005d0   0x0000000c   Code   RO          391    i.ESP8266_UART_IsStatusUpdated  esp8266_uart.o
    0x080005dc   0x080005dc   0x000000e0   Code   RO          392    i.ESP8266_UART_ParseLine  esp8266_uart.o
    0x080006bc   0x080006bc   0x00000064   Code   RO          393    i.ESP8266_UART_ParseTime  esp8266_uart.o
    0x08000720   0x08000720   0x00000014   Code   RO          394    i.ESP8266_UART_ResetLineBuffer  esp8266_uart.o
    0x08000734   0x08000734   0x00000084   Code   RO          395    i.ESP8266_UART_SendTakeMedReminder  esp8266_uart.o
    0x080007b8   0x080007b8   0x00000054   Code   RO          396    i.ESP8266_UART_StartReceive  esp8266_uart.o
    0x0800080c   0x0800080c   0x00000004   Code   RO           13    i.Error_Handler     main.o
    0x08000810   0x08000810   0x00000092   Code   RO         1727    i.HAL_DMA_Abort     stm32f4xx_hal_dma.o
    0x080008a2   0x080008a2   0x00000024   Code   RO         1728    i.HAL_DMA_Abort_IT  stm32f4xx_hal_dma.o
    0x080008c6   0x080008c6   0x00000002   PAD
    0x080008c8   0x080008c8   0x00000024   Code   RO         2164    i.HAL_Delay         stm32f4xx_hal.o
    0x080008ec   0x080008ec   0x000001f0   Code   RO         1620    i.HAL_GPIO_Init     stm32f4xx_hal_gpio.o
    0x08000adc   0x08000adc   0x0000000a   Code   RO         1622    i.HAL_GPIO_ReadPin  stm32f4xx_hal_gpio.o
    0x08000ae6   0x08000ae6   0x0000000a   Code   RO         1624    i.HAL_GPIO_WritePin  stm32f4xx_hal_gpio.o
    0x08000af0   0x08000af0   0x0000000c   Code   RO         2170    i.HAL_GetTick       stm32f4xx_hal.o
    0x08000afc   0x08000afc   0x00000010   Code   RO         2176    i.HAL_IncTick       stm32f4xx_hal.o
    0x08000b0c   0x08000b0c   0x00000034   Code   RO         2177    i.HAL_Init          stm32f4xx_hal.o
    0x08000b40   0x08000b40   0x00000040   Code   RO         2178    i.HAL_InitTick      stm32f4xx_hal.o
    0x08000b80   0x08000b80   0x00000030   Code   RO          786    i.HAL_MspInit       stm32f4xx_hal_msp.o
    0x08000bb0   0x08000bb0   0x0000001a   Code   RO         2012    i.HAL_NVIC_EnableIRQ  stm32f4xx_hal_cortex.o
    0x08000bca   0x08000bca   0x00000002   PAD
    0x08000bcc   0x08000bcc   0x00000040   Code   RO         2018    i.HAL_NVIC_SetPriority  stm32f4xx_hal_cortex.o
    0x08000c0c   0x08000c0c   0x00000024   Code   RO         2019    i.HAL_NVIC_SetPriorityGrouping  stm32f4xx_hal_cortex.o
    0x08000c30   0x08000c30   0x00000134   Code   RO         1266    i.HAL_RCC_ClockConfig  stm32f4xx_hal_rcc.o
    0x08000d64   0x08000d64   0x00000020   Code   RO         1273    i.HAL_RCC_GetPCLK1Freq  stm32f4xx_hal_rcc.o
    0x08000d84   0x08000d84   0x00000020   Code   RO         1274    i.HAL_RCC_GetPCLK2Freq  stm32f4xx_hal_rcc.o
    0x08000da4   0x08000da4   0x00000060   Code   RO         1275    i.HAL_RCC_GetSysClockFreq  stm32f4xx_hal_rcc.o
    0x08000e04   0x08000e04   0x0000036c   Code   RO         1278    i.HAL_RCC_OscConfig  stm32f4xx_hal_rcc.o
    0x08001170   0x08001170   0x00000028   Code   RO         2023    i.HAL_SYSTICK_Config  stm32f4xx_hal_cortex.o
    0x08001198   0x08001198   0x00000090   Code   RO         3140    i.HAL_TIMEx_MasterConfigSynchronization  stm32f4xx_hal_tim_ex.o
    0x08001228   0x08001228   0x00000050   Code   RO          259    i.HAL_TIM_MspPostInit  tim.o
    0x08001278   0x08001278   0x000000cc   Code   RO         2489    i.HAL_TIM_PWM_ConfigChannel  stm32f4xx_hal_tim.o
    0x08001344   0x08001344   0x0000005a   Code   RO         2492    i.HAL_TIM_PWM_Init  stm32f4xx_hal_tim.o
    0x0800139e   0x0800139e   0x00000002   PAD
    0x080013a0   0x080013a0   0x00000024   Code   RO          261    i.HAL_TIM_PWM_MspInit  tim.o
    0x080013c4   0x080013c4   0x000000c8   Code   RO         2497    i.HAL_TIM_PWM_Start  stm32f4xx_hal_tim.o
    0x0800148c   0x0800148c   0x00000002   Code   RO         3400    i.HAL_UARTEx_RxEventCallback  stm32f4xx_hal_uart.o
    0x0800148e   0x0800148e   0x00000002   PAD
    0x08001490   0x08001490   0x00000038   Code   RO          397    i.HAL_UART_ErrorCallback  esp8266_uart.o
    0x080014c8   0x080014c8   0x00000280   Code   RO         3417    i.HAL_UART_IRQHandler  stm32f4xx_hal_uart.o
    0x08001748   0x08001748   0x00000064   Code   RO         3418    i.HAL_UART_Init     stm32f4xx_hal_uart.o
    0x080017ac   0x080017ac   0x000000c4   Code   RO          308    i.HAL_UART_MspInit  usart.o
    0x08001870   0x08001870   0x0000001c   Code   RO         3423    i.HAL_UART_Receive_IT  stm32f4xx_hal_uart.o
    0x0800188c   0x0800188c   0x00000064   Code   RO          398    i.HAL_UART_RxCpltCallback  esp8266_uart.o
    0x080018f0   0x080018f0   0x000000a0   Code   RO         3426    i.HAL_UART_Transmit  stm32f4xx_hal_uart.o
    0x08001990   0x08001990   0x00000002   Code   RO         3429    i.HAL_UART_TxCpltCallback  stm32f4xx_hal_uart.o
    0x08001992   0x08001992   0x00000002   Code   RO          706    i.HardFault_Handler  stm32f4xx_it.o
    0x08001994   0x08001994   0x00000014   Code   RO          657    i.JQ8400_PlayPath   jq8400_voice.o
    0x080019a8   0x080019a8   0x00000020   Code   RO          658    i.JQ8400_Voice_Init  jq8400_voice.o
    0x080019c8   0x080019c8   0x0000001c   Code   RO          659    i.JQ8400_Voice_PlayAlarm  jq8400_voice.o
    0x080019e4   0x080019e4   0x0000001c   Code   RO          660    i.JQ8400_Voice_PlayRemind  jq8400_voice.o
    0x08001a00   0x08001a00   0x0000001c   Code   RO          661    i.JQ8400_Voice_PlayTaken  jq8400_voice.o
    0x08001a1c   0x08001a1c   0x00000074   Code   RO          603    i.JQ8x00_Command_Data  jq8400.o
    0x08001a90   0x08001a90   0x00000002   Code   RO          604    i.JQ8x00_Init       jq8400.o
    0x08001a92   0x08001a92   0x00000002   PAD
    0x08001a94   0x08001a94   0x00000088   Code   RO          605    i.JQ8x00_RandomPathPlay  jq8400.o
    0x08001b1c   0x08001b1c   0x00000068   Code   RO          497    i.Key_Init          key.o
    0x08001b84   0x08001b84   0x00000044   Code   RO          498    i.Key_IsPressed     key.o
    0x08001bc8   0x08001bc8   0x00000024   Code   RO          499    i.Key_ReadRaw       key.o
    0x08001bec   0x08001bec   0x0000007c   Code   RO          193    i.MX_GPIO_Init      gpio.o
    0x08001c68   0x08001c68   0x00000094   Code   RO          262    i.MX_TIM2_Init      tim.o
    0x08001cfc   0x08001cfc   0x00000038   Code   RO          309    i.MX_USART1_UART_Init  usart.o
    0x08001d34   0x08001d34   0x00000038   Code   RO          310    i.MX_USART3_UART_Init  usart.o
    0x08001d6c   0x08001d6c   0x00000014   Code   RO          534    i.MedicineBox_Init  medicine_box.o
    0x08001d80   0x08001d80   0x00000098   Code   RO          535    i.MedicineBox_Process  medicine_box.o
    0x08001e18   0x08001e18   0x00000048   Code   RO          536    i.MedicineBox_ShowMessage  medicine_box.o
    0x08001e60   0x08001e60   0x00000002   Code   RO          707    i.MemManage_Handler  stm32f4xx_it.o
    0x08001e62   0x08001e62   0x00000002   Code   RO          708    i.NMI_Handler       stm32f4xx_it.o
    0x08001e64   0x08001e64   0x00000028   Code   RO         3789    i.OLED_Clear        oled.o
    0x08001e8c   0x08001e8c   0x0000005c   Code   RO         3790    i.OLED_ClearArea    oled.o
    0x08001ee8   0x08001ee8   0x00000070   Code   RO         3798    i.OLED_GPIO_Init    oled.o
    0x08001f58   0x08001f58   0x00000012   Code   RO         3800    i.OLED_I2C_Delay    oled.o
    0x08001f6a   0x08001f6a   0x0000003a   Code   RO         3801    i.OLED_I2C_SendByte  oled.o
    0x08001fa4   0x08001fa4   0x0000001e   Code   RO         3802    i.OLED_I2C_Start    oled.o
    0x08001fc2   0x08001fc2   0x00000018   Code   RO         3803    i.OLED_I2C_Stop     oled.o
    0x08001fda   0x08001fda   0x0000009c   Code   RO         3804    i.OLED_Init         oled.o
    0x08002076   0x08002076   0x00000022   Code   RO         3810    i.OLED_SetCursor    oled.o
    0x08002098   0x08002098   0x0000003c   Code   RO         3812    i.OLED_ShowChar     oled.o
    0x080020d4   0x080020d4   0x00000088   Code   RO         3813    i.OLED_ShowChinese  oled.o
    0x0800215c   0x0800215c   0x000000c0   Code   RO         3816    i.OLED_ShowImage    oled.o
    0x0800221c   0x0800221c   0x0000002c   Code   RO         3819    i.OLED_ShowString   oled.o
    0x08002248   0x08002248   0x00000004   Code   RO          572    i.OLED_Status_InitDefaults  oled_status.o
    0x0800224c   0x0800224c   0x00000048   Code   RO          573    i.OLED_Status_Refresh  oled_status.o
    0x08002294   0x08002294   0x00000028   Code   RO         3820    i.OLED_Update       oled.o
    0x080022bc   0x080022bc   0x00000060   Code   RO         3821    i.OLED_UpdateArea   oled.o
    0x0800231c   0x0800231c   0x00000018   Code   RO         3822    i.OLED_W_SCL        oled.o
    0x08002334   0x08002334   0x00000018   Code   RO         3823    i.OLED_W_SDA        oled.o
    0x0800234c   0x0800234c   0x00000022   Code   RO         3824    i.OLED_WriteCommand  oled.o
    0x0800236e   0x0800236e   0x00000030   Code   RO         3825    i.OLED_WriteData    oled.o
    0x0800239e   0x0800239e   0x00000002   Code   RO          709    i.PendSV_Handler    stm32f4xx_it.o
    0x080023a0   0x080023a0   0x00000002   Code   RO          710    i.SVC_Handler       stm32f4xx_it.o
    0x080023a2   0x080023a2   0x00000002   PAD
    0x080023a4   0x080023a4   0x0000004c   Code   RO          355    i.Servo_Init        servo.o
    0x080023f0   0x080023f0   0x00000038   Code   RO          356    i.Servo_SetAngle    servo.o
    0x08002428   0x08002428   0x00000028   Code   RO          399    i.Str_Copy          esp8266_uart.o
    0x08002450   0x08002450   0x00000048   Code   RO          400    i.Str_Find          esp8266_uart.o
    0x08002498   0x08002498   0x00000004   Code   RO          711    i.SysTick_Handler   stm32f4xx_it.o
    0x0800249c   0x0800249c   0x00000098   Code   RO           14    i.SystemClock_Config  main.o
    0x08002534   0x08002534   0x00000010   Code   RO         3752    i.SystemInit        system_stm32f4xx.o
    0x08002544   0x08002544   0x000000d0   Code   RO         2510    i.TIM_Base_SetConfig  stm32f4xx_hal_tim.o
    0x08002614   0x08002614   0x0000001a   Code   RO         2511    i.TIM_CCxChannelCmd  stm32f4xx_hal_tim.o
    0x0800262e   0x0800262e   0x00000002   PAD
    0x08002630   0x08002630   0x00000060   Code   RO         2523    i.TIM_OC1_SetConfig  stm32f4xx_hal_tim.o
    0x08002690   0x08002690   0x0000006c   Code   RO         2524    i.TIM_OC2_SetConfig  stm32f4xx_hal_tim.o
    0x080026fc   0x080026fc   0x00000068   Code   RO         2525    i.TIM_OC3_SetConfig  stm32f4xx_hal_tim.o
    0x08002764   0x08002764   0x00000050   Code   RO         2526    i.TIM_OC4_SetConfig  stm32f4xx_hal_tim.o
    0x080027b4   0x080027b4   0x0000000e   Code   RO         3431    i.UART_DMAAbortOnError  stm32f4xx_hal_uart.o
    0x080027c2   0x080027c2   0x0000004e   Code   RO         3441    i.UART_EndRxTransfer  stm32f4xx_hal_uart.o
    0x08002810   0x08002810   0x000000c2   Code   RO         3443    i.UART_Receive_IT   stm32f4xx_hal_uart.o
    0x080028d2   0x080028d2   0x00000002   PAD
    0x080028d4   0x080028d4   0x0000010c   Code   RO         3444    i.UART_SetConfig    stm32f4xx_hal_uart.o
    0x080029e0   0x080029e0   0x00000036   Code   RO         3446    i.UART_Start_Receive_IT  stm32f4xx_hal_uart.o
    0x08002a16   0x08002a16   0x00000072   Code   RO         3447    i.UART_WaitOnFlagUntilTimeout  stm32f4xx_hal_uart.o
    0x08002a88   0x08002a88   0x0000000c   Code   RO          712    i.USART1_IRQHandler  stm32f4xx_it.o
    0x08002a94   0x08002a94   0x00000002   Code   RO          713    i.UsageFault_Handler  stm32f4xx_it.o
    0x08002a96   0x08002a96   0x00000020   Code   RO         2025    i.__NVIC_SetPriority  stm32f4xx_hal_cortex.o
    0x08002ab6   0x08002ab6   0x00000002   PAD
    0x08002ab8   0x08002ab8   0x0000005c   Code   RO           15    i.main              main.o
    0x08002b14   0x08002b14   0x0000000a   Code   RO         4444    x$fpl$fpinit        fz_wm.l(fpinit.o)
    0x08002b1e   0x08002b1e   0x0000001c   Data   RO           16    .constdata          main.o
    0x08002b3a   0x08002b3a   0x00000036   Data   RO          537    .constdata          medicine_box.o
    0x08002b70   0x08002b70   0x00000012   Data   RO          607    .constdata          jq8400.o
    0x08002b82   0x08002b82   0x00000010   Data   RO         3753    .constdata          system_stm32f4xx.o
    0x08002b92   0x08002b92   0x00000008   Data   RO         3754    .constdata          system_stm32f4xx.o
    0x08002b9a   0x08002b9a   0x000005f0   Data   RO         4036    .constdata          oled_data.o
    0x0800318a   0x0800318a   0x0000023a   Data   RO         4037    .constdata          oled_data.o
    0x080033c4   0x080033c4   0x0000033c   Data   RO         4038    .constdata          oled_data.o
    0x08003700   0x08003700   0x00000020   Data   RO         4502    Region$$Table       anon$$obj.o


    Execution Region RW_IRAM1 (Exec base: 0x20000000, Load base: 0x08003720, Size: 0x00000c28, Max: 0x0001c000, ABSOLUTE)

    Exec Addr    Load Addr    Size         Type   Attr      Idx    E Section Name        Object

    0x20000000   0x08003720   0x0000000c   Data   RW          402    .data               esp8266_uart.o
    0x2000000c   0x0800372c   0x00000024   Data   RW          500    .data               key.o
    0x20000030   0x08003750   0x00000008   Data   RW          538    .data               medicine_box.o
    0x20000038   0x08003758   0x0000000c   Data   RW         2184    .data               stm32f4xx_hal.o
    0x20000044   0x08003764   0x00000004   Data   RW         3755    .data               system_stm32f4xx.o
    0x20000048        -       0x00000048   Zero   RW          263    .bss                tim.o
    0x20000090        -       0x00000090   Zero   RW          311    .bss                usart.o
    0x20000120        -       0x000000a8   Zero   RW          401    .bss                esp8266_uart.o
    0x200001c8        -       0x00000400   Zero   RW         3827    .bss                oled.o
    0x200005c8        -       0x00000060   Zero   RW         4318    .bss                c_w.l(libspace.o)
    0x20000628        -       0x00000200   Zero   RW            2    HEAP                startup_stm32f407xx.o
    0x20000828        -       0x00000400   Zero   RW            1    STACK               startup_stm32f407xx.o


    Execution Region RW_IRAM2 (Exec base: 0x2001c000, Load base: 0x08003768, Size: 0x00000000, Max: 0x00004000, ABSOLUTE)

    **** No section assigned to this execution region ****


==============================================================================

Image component sizes


      Code (inc. data)   RO Data    RW Data    ZI Data      Debug   Object Name

       976        178          0         12        168      11249   esp8266_uart.o
       124          8          0          0          0        947   gpio.o
       254         18         18          0          0       3272   jq8400.o
       136         24          0          0          0       2972   jq8400_voice.o
       208         20          0         36          0       2463   key.o
       248         14         28          0          0     693064   main.o
       244         18         54          8          0       2757   medicine_box.o
      1262         60          0          0       1024      12477   oled.o
         0          0       2918          0          0       1038   oled_data.o
        76          0          0          0          0       1441   oled_status.o
       132         10          0          0          0       1686   servo.o
        64         26        392          0       1536        844   startup_stm32f407xx.o
       180         28          0         12          0       9401   stm32f4xx_hal.o
       198         14          0          0          0      33807   stm32f4xx_hal_cortex.o
       182          0          0          0          0       2099   stm32f4xx_hal_dma.o
       516         46          0          0          0       2851   stm32f4xx_hal_gpio.o
        48          6          0          0          0        858   stm32f4xx_hal_msp.o
      1344         72          0          0          0       5252   stm32f4xx_hal_rcc.o
      1116        108          0          0          0       8430   stm32f4xx_hal_tim.o
       144         28          0          0          0       1372   stm32f4xx_hal_tim_ex.o
      1654         14          0          0          0      10879   stm32f4xx_hal_uart.o
        32          6          0          0          0       4622   stm32f4xx_it.o
        16          4         24          4          0       1127   system_stm32f4xx.o
       264         22          0          0         72       2319   tim.o
       308         38          0          0        144       2431   usart.o

    ----------------------------------------------------------------------
      9746        762       3466         72       2944     819658   Object Totals
         0          0         32          0          0          0   (incl. Generated)
        20          0          0          0          0          0   (incl. Padding)

    ----------------------------------------------------------------------

      Code (inc. data)   RO Data    RW Data    ZI Data      Debug   Library Member Name

         8          0          0          0          0         68   __main.o
         0          0          0          0          0          0   __rtentry.o
        12          0          0          0          0          0   __rtentry2.o
         6          0          0          0          0          0   __rtentry4.o
        52          8          0          0          0          0   __scatter.o
        26          0          0          0          0          0   __scatter_copy.o
        28          0          0          0          0          0   __scatter_zi.o
        18          0          0          0          0         80   exit.o
         6          0          0          0          0        152   heapauxi.o
         0          0          0          0          0          0   indicate_semi.o
         2          0          0          0          0          0   libinit.o
         6          0          0          0          0          0   libinit2.o
         2          0          0          0          0          0   libshutdown.o
         2          0          0          0          0          0   libshutdown2.o
         8          4          0          0         96         68   libspace.o
       238          0          0          0          0        100   lludivv7m.o
        78          0          0          0          0         80   rt_memclr_w.o
       100          0          0          0          0         80   rt_memcpy_w.o
         2          0          0          0          0          0   rtexit.o
        10          0          0          0          0          0   rtexit2.o
       128          0          0          0          0         68   strcmpv7m.o
        62          0          0          0          0         76   strlen.o
        12          4          0          0          0         68   sys_exit.o
        74          0          0          0          0         80   sys_stackheap_outer.o
         2          0          0          0          0         68   use_no_semi.o
        10          0          0          0          0        116   fpinit.o

    ----------------------------------------------------------------------
       900         16          0          0         96       1104   Library Totals
         8          0          0          0          0          0   (incl. Padding)

    ----------------------------------------------------------------------

      Code (inc. data)   RO Data    RW Data    ZI Data      Debug   Library Name

       882         16          0          0         96        988   c_w.l
        10          0          0          0          0        116   fz_wm.l

    ----------------------------------------------------------------------
       900         16          0          0         96       1104   Library Totals

    ----------------------------------------------------------------------

==============================================================================


      Code (inc. data)   RO Data    RW Data    ZI Data      Debug   

     10646        778       3466         72       3040     809446   Grand Totals
     10646        778       3466         72       3040     809446   ELF Image Totals
     10646        778       3466         72          0          0   ROM Totals

==============================================================================

    Total RO  Size (Code + RO Data)                14112 (  13.78kB)
    Total RW  Size (RW Data + ZI Data)              3112 (   3.04kB)
    Total ROM Size (Code + RO Data + RW Data)      14184 (  13.85kB)

==============================================================================

